usb_regs.c:34:6:SetCNTR	0	static
usb_regs.c:46:5:GetCNTR	0	static
usb_regs.c:58:6:SetISTR	0	static
usb_regs.c:70:5:GetISTR	0	static
usb_regs.c:82:5:GetFNR	0	static
usb_regs.c:94:6:SetDADDR	0	static
usb_regs.c:106:5:GetDADDR	0	static
usb_regs.c:118:6:SetBTABLE	0	static
usb_regs.c:130:5:GetBTABLE	0	static
usb_regs.c:143:6:SetENDPOINT	0	static
usb_regs.c:155:5:GetENDPOINT	0	static
usb_regs.c:168:6:SetEPType	0	static
usb_regs.c:180:5:GetEPType	0	static
usb_regs.c:193:6:SetEPTxStatus	0	static
usb_regs.c:206:6:SetEPRxStatus	0	static
usb_regs.c:219:6:SetDouBleBuffEPStall	0	static
usb_regs.c:240:5:GetEPTxStatus	0	static
usb_regs.c:252:5:GetEPRxStatus	0	static
usb_regs.c:264:6:SetEPTxValid	0	static
usb_regs.c:276:6:SetEPRxValid	0	static
usb_regs.c:288:6:SetEP_KIND	0	static
usb_regs.c:300:6:ClearEP_KIND	0	static
usb_regs.c:311:6:Clear_Status_Out	0	static
usb_regs.c:322:6:Set_Status_Out	0	static
usb_regs.c:333:6:SetEPDoubleBuff	0	static
usb_regs.c:344:6:ClearEPDoubleBuff	0	static
usb_regs.c:355:5:GetTxStallStatus	0	static
usb_regs.c:366:5:GetRxStallStatus	0	static
usb_regs.c:377:6:ClearEP_CTR_RX	0	static
usb_regs.c:388:6:ClearEP_CTR_TX	0	static
usb_regs.c:399:6:ToggleDTOG_RX	0	static
usb_regs.c:410:6:ToggleDTOG_TX	0	static
usb_regs.c:421:6:ClearDTOG_RX	0	static
usb_regs.c:432:6:ClearDTOG_TX	0	static
usb_regs.c:444:6:SetEPAddress	0	static
usb_regs.c:455:4:GetEPAddress	0	static
usb_regs.c:467:6:SetEPTxAddr	0	static
usb_regs.c:479:6:SetEPRxAddr	0	static
usb_regs.c:490:5:GetEPTxAddr	0	static
usb_regs.c:501:5:GetEPRxAddr	0	static
usb_regs.c:513:6:SetEPTxCount	0	static
usb_regs.c:525:6:SetEPCountRxReg	0	static
usb_regs.c:537:6:SetEPRxCount	0	static
usb_regs.c:548:5:GetEPTxCount	0	static
usb_regs.c:559:5:GetEPRxCount	0	static
usb_regs.c:572:6:SetEPDblBuffAddr	8	static
usb_regs.c:584:6:SetEPDblBuf0Addr	0	static
usb_regs.c:596:6:SetEPDblBuf1Addr	0	static
usb_regs.c:607:5:GetEPDblBuf0Addr	0	static
usb_regs.c:618:5:GetEPDblBuf1Addr	0	static
usb_regs.c:630:6:SetEPDblBuffCount	8	static
usb_regs.c:642:6:SetEPDblBuf0Count	0	static
usb_regs.c:654:6:SetEPDblBuf1Count	0	static
usb_regs.c:666:5:GetEPDblBuf0Count	0	static
usb_regs.c:678:5:GetEPDblBuf1Count	0	static
usb_regs.c:690:13:GetEPDblBufDir	0	static
usb_regs.c:707:6:FreeUserBuffer	0	static
usb_regs.c:726:5:ToWord	0	static
usb_regs.c:739:5:ByteSwap	0	static
