hw_config.c:26:6:Set_USBClock	8	static
hw_config.c:39:6:Enter_LowPowerMode	0	static
hw_config.c:50:6:Leave_LowPowerMode	0	static
hw_config.c:66:6:USB_Interrupts_Config	24	static
hw_config.c:102:6:Led_RW_ON	0	static
hw_config.c:114:6:Led_RW_OFF	0	static
hw_config.c:125:6:USB_Configured_LED	0	static
hw_config.c:137:6:USB_NotConfigured_LED	0	static
hw_config.c:148:6:USB_Cable_Config	0	static
hw_config.c:167:6:Get_SerialNum	8	static
hw_config.c:195:6:MAL_Config	0	static
hw_config.c:206:6:USB_Disconnect_Config	0	static
