stm32f10x_flash.c:254:6:FLASH_SetLatency	0	static
stm32f10x_flash.c:281:6:FLASH_HalfCycleAccessCmd	0	static
stm32f10x_flash.c:300:6:FLASH_PrefetchBufferCmd	0	static
stm32f10x_flash.c:319:6:FLASH_Unlock	0	static
stm32f10x_flash.c:340:6:FLASH_UnlockBank1	0	static
stm32f10x_flash.c:372:6:FLASH_Lock	0	static
stm32f10x_flash.c:392:6:FLASH_LockBank1	0	static
stm32f10x_flash.c:1220:10:FLASH_GetUserOptionByte	0	static
stm32f10x_flash.c:1232:10:FLASH_GetWriteProtectionOptionByte	0	static
stm32f10x_flash.c:1244:12:FLASH_GetReadOutProtectionStatus	0	static
stm32f10x_flash.c:1264:12:FLASH_GetPrefetchBufferStatus	0	static
stm32f10x_flash.c:1294:6:FLASH_ITConfig	0	static
stm32f10x_flash.c:1361:12:FLASH_GetFlagStatus	0	static
stm32f10x_flash.c:1447:6:FLASH_ClearFlag	0	static
stm32f10x_flash.c:1481:14:FLASH_GetStatus	0	static
stm32f10x_flash.c:1519:14:FLASH_GetBank1Status	0	static
stm32f10x_flash.c:1599:14:FLASH_WaitForLastOperation	8	static
stm32f10x_flash.c:419:14:FLASH_ErasePage	16	static
stm32f10x_flash.c:492:14:FLASH_EraseAllPages	8	static
stm32f10x_flash.c:555:14:FLASH_EraseAllBank1Pages	0	static
stm32f10x_flash.c:616:14:FLASH_EraseOptionBytes	16	static
stm32f10x_flash.c:682:14:FLASH_ProgramWord	24	static
stm32f10x_flash.c:859:14:FLASH_ProgramHalfWord	16	static
stm32f10x_flash.c:930:14:FLASH_ProgramOptionByteData	16	static
stm32f10x_flash.c:977:14:FLASH_EnableWriteProtection	8	static
stm32f10x_flash.c:1052:14:FLASH_ReadOutProtection	16	static
stm32f10x_flash.c:1122:14:FLASH_UserOptionByteConfig	24	static
stm32f10x_flash.c:1627:14:FLASH_WaitForLastBank1Operation	0	static
