Archive member included to satisfy reference by file (symbol)

d:/st/stm32cubeide_1.4.0/stm32cubeide/plugins/com.st.stm32cube.ide.mcu.externaltools.gnu-tools-for-stm32.7-2018-q2-update.win32_1.4.0.202007081208/tools/bin/../lib/gcc/arm-none-eabi/7.3.1/../../../../arm-none-eabi/lib/thumb/v7-m\libc_nano.a(lib_a-errno.o)
                              Src/syscalls.o (__errno)
d:/st/stm32cubeide_1.4.0/stm32cubeide/plugins/com.st.stm32cube.ide.mcu.externaltools.gnu-tools-for-stm32.7-2018-q2-update.win32_1.4.0.202007081208/tools/bin/../lib/gcc/arm-none-eabi/7.3.1/../../../../arm-none-eabi/lib/thumb/v7-m\libc_nano.a(lib_a-exit.o)
                              d:/st/stm32cubeide_1.4.0/stm32cubeide/plugins/com.st.stm32cube.ide.mcu.externaltools.gnu-tools-for-stm32.7-2018-q2-update.win32_1.4.0.202007081208/tools/bin/../lib/gcc/arm-none-eabi/7.3.1/../../../../arm-none-eabi/lib/thumb/v7-m/crt0.o (exit)
d:/st/stm32cubeide_1.4.0/stm32cubeide/plugins/com.st.stm32cube.ide.mcu.externaltools.gnu-tools-for-stm32.7-2018-q2-update.win32_1.4.0.202007081208/tools/bin/../lib/gcc/arm-none-eabi/7.3.1/../../../../arm-none-eabi/lib/thumb/v7-m\libc_nano.a(lib_a-impure.o)
                              d:/st/stm32cubeide_1.4.0/stm32cubeide/plugins/com.st.stm32cube.ide.mcu.externaltools.gnu-tools-for-stm32.7-2018-q2-update.win32_1.4.0.202007081208/tools/bin/../lib/gcc/arm-none-eabi/7.3.1/../../../../arm-none-eabi/lib/thumb/v7-m\libc_nano.a(lib_a-exit.o) (_global_impure_ptr)
d:/st/stm32cubeide_1.4.0/stm32cubeide/plugins/com.st.stm32cube.ide.mcu.externaltools.gnu-tools-for-stm32.7-2018-q2-update.win32_1.4.0.202007081208/tools/bin/../lib/gcc/arm-none-eabi/7.3.1/../../../../arm-none-eabi/lib/thumb/v7-m\libc_nano.a(lib_a-init.o)
                              d:/st/stm32cubeide_1.4.0/stm32cubeide/plugins/com.st.stm32cube.ide.mcu.externaltools.gnu-tools-for-stm32.7-2018-q2-update.win32_1.4.0.202007081208/tools/bin/../lib/gcc/arm-none-eabi/7.3.1/../../../../arm-none-eabi/lib/thumb/v7-m/crt0.o (__libc_init_array)
d:/st/stm32cubeide_1.4.0/stm32cubeide/plugins/com.st.stm32cube.ide.mcu.externaltools.gnu-tools-for-stm32.7-2018-q2-update.win32_1.4.0.202007081208/tools/bin/../lib/gcc/arm-none-eabi/7.3.1/../../../../arm-none-eabi/lib/thumb/v7-m\libc_nano.a(lib_a-memcmp.o)
                              Src/FAT16.o (memcmp)
d:/st/stm32cubeide_1.4.0/stm32cubeide/plugins/com.st.stm32cube.ide.mcu.externaltools.gnu-tools-for-stm32.7-2018-q2-update.win32_1.4.0.202007081208/tools/bin/../lib/gcc/arm-none-eabi/7.3.1/../../../../arm-none-eabi/lib/thumb/v7-m\libc_nano.a(lib_a-memset.o)
                              d:/st/stm32cubeide_1.4.0/stm32cubeide/plugins/com.st.stm32cube.ide.mcu.externaltools.gnu-tools-for-stm32.7-2018-q2-update.win32_1.4.0.202007081208/tools/bin/../lib/gcc/arm-none-eabi/7.3.1/../../../../arm-none-eabi/lib/thumb/v7-m/crt0.o (memset)
d:/st/stm32cubeide_1.4.0/stm32cubeide/plugins/com.st.stm32cube.ide.mcu.externaltools.gnu-tools-for-stm32.7-2018-q2-update.win32_1.4.0.202007081208/tools/bin/../lib/gcc/arm-none-eabi/7.3.1/../../../../arm-none-eabi/lib/thumb/v7-m\libc_nano.a(lib_a-strlen.o)
                              Src/FAT16.o (strlen)

Allocating common symbols
Common symbol       size              file

SaveRState          0x2               USB_Core/usb_int.o
CBW                 0x20              USB_Config/usb_bot.o
SaveState           0x2               USB_Core/usb_init.o
Block_offset        0x4               USB_Config/memory.o
Idx                 0x4               USB_Config/memory.o
wIstr               0x2               USB_Config/usb_istr.o
pProperty           0x4               USB_Core/usb_init.o
EPindex             0x1               USB_Core/usb_init.o
FileAttr            0x20              Src/FAT16.o
Data_Len            0x2               USB_Config/usb_bot.o
Bot_State           0x1               USB_Config/usb_bot.o
SCSI_LBA            0x4               USB_Config/usb_bot.o
SaveTState          0x2               USB_Core/usb_int.o
Device_Info         0x1c              USB_Core/usb_init.o
pUser_Standard_Requests
                    0x4               USB_Core/usb_init.o
Mass_Memory_Size    0x4               USB_Config/mass_mal.o
CSW                 0x10              USB_Config/usb_bot.o
SCSI_BlkLen         0x4               USB_Config/usb_bot.o
StatusInfo          0x2               USB_Core/usb_core.o
pInformation        0x4               USB_Core/usb_init.o
ResumeS             0x2               USB_Config/usb_pwr.o
Bulk_Data_Buff      0x40              USB_Config/usb_bot.o
Mass_Block_Size     0x4               USB_Config/mass_mal.o
STMFLASH_BUF        0x400             Src/stmflash.o
Mass_Block_Count    0x4               USB_Config/mass_mal.o
Data_Buffer         0x800             USB_Config/memory.o
wInterrupt_Mask     0x2               USB_Core/usb_init.o

Discarded input sections

[...]
Memory Configuration

Name             Origin             Length             Attributes
RAM              0x0000000020000000 0x0000000000005000 xrw
ROM              0x0000000008000000 0x0000000000010000 xr
*default*        0x0000000000000000 0xffffffffffffffff

Linker script and memory map

LOAD d:/st/stm32cubeide_1.4.0/stm32cubeide/plugins/com.st.stm32cube.ide.mcu.externaltools.gnu-tools-for-stm32.7-2018-q2-update.win32_1.4.0.202007081208/tools/bin/../lib/gcc/arm-none-eabi/7.3.1/thumb/v7-m/crti.o
LOAD d:/st/stm32cubeide_1.4.0/stm32cubeide/plugins/com.st.stm32cube.ide.mcu.externaltools.gnu-tools-for-stm32.7-2018-q2-update.win32_1.4.0.202007081208/tools/bin/../lib/gcc/arm-none-eabi/7.3.1/thumb/v7-m/crtbegin.o
LOAD d:/st/stm32cubeide_1.4.0/stm32cubeide/plugins/com.st.stm32cube.ide.mcu.externaltools.gnu-tools-for-stm32.7-2018-q2-update.win32_1.4.0.202007081208/tools/bin/../lib/gcc/arm-none-eabi/7.3.1/../../../../arm-none-eabi/lib/thumb/v7-m/crt0.o
LOAD CMSIS/system_stm32f10x.o
LOAD Drivers/StdPeriph_Driver/src/misc.o
LOAD Drivers/StdPeriph_Driver/src/stm32f10x_adc.o
LOAD Drivers/StdPeriph_Driver/src/stm32f10x_bkp.o
LOAD Drivers/StdPeriph_Driver/src/stm32f10x_can.o
LOAD Drivers/StdPeriph_Driver/src/stm32f10x_cec.o
LOAD Drivers/StdPeriph_Driver/src/stm32f10x_crc.o
LOAD Drivers/StdPeriph_Driver/src/stm32f10x_dac.o
LOAD Drivers/StdPeriph_Driver/src/stm32f10x_dbgmcu.o
LOAD Drivers/StdPeriph_Driver/src/stm32f10x_dma.o
LOAD Drivers/StdPeriph_Driver/src/stm32f10x_exti.o
LOAD Drivers/StdPeriph_Driver/src/stm32f10x_flash.o
LOAD Drivers/StdPeriph_Driver/src/stm32f10x_fsmc.o
LOAD Drivers/StdPeriph_Driver/src/stm32f10x_gpio.o
LOAD Drivers/StdPeriph_Driver/src/stm32f10x_i2c.o
LOAD Drivers/StdPeriph_Driver/src/stm32f10x_iwdg.o
LOAD Drivers/StdPeriph_Driver/src/stm32f10x_pwr.o
LOAD Drivers/StdPeriph_Driver/src/stm32f10x_rcc.o
LOAD Drivers/StdPeriph_Driver/src/stm32f10x_rtc.o
LOAD Drivers/StdPeriph_Driver/src/stm32f10x_sdio.o
LOAD Drivers/StdPeriph_Driver/src/stm32f10x_spi.o
LOAD Drivers/StdPeriph_Driver/src/stm32f10x_tim.o
LOAD Drivers/StdPeriph_Driver/src/stm32f10x_usart.o
LOAD Drivers/StdPeriph_Driver/src/stm32f10x_wwdg.o
LOAD Src/FAT16.o
LOAD Src/delay.o
LOAD Src/key.o
LOAD Src/main.o
LOAD Src/stm32f10x_it.o
LOAD Src/stmflash.o
LOAD Src/syscalls.o
LOAD Src/sysmem.o
LOAD Startup/startup_stm32f103c8tx.o
LOAD USB_Config/hw_config.o
LOAD USB_Config/mass_mal.o
LOAD USB_Config/memory.o
LOAD USB_Config/scsi_data.o
LOAD USB_Config/usb_bot.o
LOAD USB_Config/usb_desc.o
LOAD USB_Config/usb_endp.o
LOAD USB_Config/usb_istr.o
LOAD USB_Config/usb_prop.o
LOAD USB_Config/usb_pwr.o
LOAD USB_Config/usb_scsi.o
LOAD USB_Core/usb_core.o
LOAD USB_Core/usb_init.o
LOAD USB_Core/usb_int.o
LOAD USB_Core/usb_mem.o
LOAD USB_Core/usb_regs.o
START GROUP
LOAD d:/st/stm32cubeide_1.4.0/stm32cubeide/plugins/com.st.stm32cube.ide.mcu.externaltools.gnu-tools-for-stm32.7-2018-q2-update.win32_1.4.0.202007081208/tools/bin/../lib/gcc/arm-none-eabi/7.3.1/../../../../arm-none-eabi/lib/thumb/v7-m\libc_nano.a
LOAD d:/st/stm32cubeide_1.4.0/stm32cubeide/plugins/com.st.stm32cube.ide.mcu.externaltools.gnu-tools-for-stm32.7-2018-q2-update.win32_1.4.0.202007081208/tools/bin/../lib/gcc/arm-none-eabi/7.3.1/../../../../arm-none-eabi/lib/thumb/v7-m\libm.a
END GROUP
START GROUP
LOAD d:/st/stm32cubeide_1.4.0/stm32cubeide/plugins/com.st.stm32cube.ide.mcu.externaltools.gnu-tools-for-stm32.7-2018-q2-update.win32_1.4.0.202007081208/tools/bin/../lib/gcc/arm-none-eabi/7.3.1/thumb/v7-m\libgcc.a
LOAD d:/st/stm32cubeide_1.4.0/stm32cubeide/plugins/com.st.stm32cube.ide.mcu.externaltools.gnu-tools-for-stm32.7-2018-q2-update.win32_1.4.0.202007081208/tools/bin/../lib/gcc/arm-none-eabi/7.3.1/../../../../arm-none-eabi/lib/thumb/v7-m\libc_nano.a
END GROUP
START GROUP
LOAD d:/st/stm32cubeide_1.4.0/stm32cubeide/plugins/com.st.stm32cube.ide.mcu.externaltools.gnu-tools-for-stm32.7-2018-q2-update.win32_1.4.0.202007081208/tools/bin/../lib/gcc/arm-none-eabi/7.3.1/thumb/v7-m\libgcc.a
LOAD d:/st/stm32cubeide_1.4.0/stm32cubeide/plugins/com.st.stm32cube.ide.mcu.externaltools.gnu-tools-for-stm32.7-2018-q2-update.win32_1.4.0.202007081208/tools/bin/../lib/gcc/arm-none-eabi/7.3.1/../../../../arm-none-eabi/lib/thumb/v7-m\libc_nano.a
LOAD d:/st/stm32cubeide_1.4.0/stm32cubeide/plugins/com.st.stm32cube.ide.mcu.externaltools.gnu-tools-for-stm32.7-2018-q2-update.win32_1.4.0.202007081208/tools/bin/../lib/gcc/arm-none-eabi/7.3.1/../../../../arm-none-eabi/lib/thumb/v7-m\libnosys.a
END GROUP
START GROUP
LOAD d:/st/stm32cubeide_1.4.0/stm32cubeide/plugins/com.st.stm32cube.ide.mcu.externaltools.gnu-tools-for-stm32.7-2018-q2-update.win32_1.4.0.202007081208/tools/bin/../lib/gcc/arm-none-eabi/7.3.1/thumb/v7-m\libgcc.a
LOAD d:/st/stm32cubeide_1.4.0/stm32cubeide/plugins/com.st.stm32cube.ide.mcu.externaltools.gnu-tools-for-stm32.7-2018-q2-update.win32_1.4.0.202007081208/tools/bin/../lib/gcc/arm-none-eabi/7.3.1/../../../../arm-none-eabi/lib/thumb/v7-m\libc_nano.a
LOAD d:/st/stm32cubeide_1.4.0/stm32cubeide/plugins/com.st.stm32cube.ide.mcu.externaltools.gnu-tools-for-stm32.7-2018-q2-update.win32_1.4.0.202007081208/tools/bin/../lib/gcc/arm-none-eabi/7.3.1/../../../../arm-none-eabi/lib/thumb/v7-m\libnosys.a
END GROUP
LOAD d:/st/stm32cubeide_1.4.0/stm32cubeide/plugins/com.st.stm32cube.ide.mcu.externaltools.gnu-tools-for-stm32.7-2018-q2-update.win32_1.4.0.202007081208/tools/bin/../lib/gcc/arm-none-eabi/7.3.1/thumb/v7-m/crtend.o
LOAD d:/st/stm32cubeide_1.4.0/stm32cubeide/plugins/com.st.stm32cube.ide.mcu.externaltools.gnu-tools-for-stm32.7-2018-q2-update.win32_1.4.0.202007081208/tools/bin/../lib/gcc/arm-none-eabi/7.3.1/thumb/v7-m/crtn.o
                0x0000000020005000                _estack = (ORIGIN (RAM) + LENGTH (RAM))
                0x0000000000000200                _Min_Heap_Size = 0x200
                0x0000000000000400                _Min_Stack_Size = 0x400

.isr_vector     0x0000000008000000      0x130
                0x0000000008000000                . = ALIGN (0x4)
 *(.isr_vector)
 .isr_vector    0x0000000008000000      0x130 Startup/startup_stm32f103c8tx.o
                0x0000000008000000                g_pfnVectors
                0x0000000008000130                . = ALIGN (0x4)

.text           0x0000000008000130     0x2270
                0x0000000008000130                . = ALIGN (0x4)
 *(.text)
 .text          0x0000000008000130       0x40 d:/st/stm32cubeide_1.4.0/stm32cubeide/plugins/com.st.stm32cube.ide.mcu.externaltools.gnu-tools-for-stm32.7-2018-q2-update.win32_1.4.0.202007081208/tools/bin/../lib/gcc/arm-none-eabi/7.3.1/thumb/v7-m/crtbegin.o
 .text          0x0000000008000170       0x10 d:/st/stm32cubeide_1.4.0/stm32cubeide/plugins/com.st.stm32cube.ide.mcu.externaltools.gnu-tools-for-stm32.7-2018-q2-update.win32_1.4.0.202007081208/tools/bin/../lib/gcc/arm-none-eabi/7.3.1/../../../../arm-none-eabi/lib/thumb/v7-m\libc_nano.a(lib_a-strlen.o)
                0x0000000008000170                strlen
 *(.text*)
 .text.SystemInit
                0x0000000008000180       0xf0 CMSIS/system_stm32f10x.o
                0x0000000008000180                SystemInit
 .text.NVIC_PriorityGroupConfig
                0x0000000008000270       0x14 Drivers/StdPeriph_Driver/src/misc.o
                0x0000000008000270                NVIC_PriorityGroupConfig
 .text.NVIC_Init
                0x0000000008000284       0x58 Drivers/StdPeriph_Driver/src/misc.o
                0x0000000008000284                NVIC_Init
 .text.NVIC_SetVectorTable
                0x00000000080002dc       0x14 Drivers/StdPeriph_Driver/src/misc.o
                0x00000000080002dc                NVIC_SetVectorTable
 .text.EXTI_Init
                0x00000000080002f0       0x68 Drivers/StdPeriph_Driver/src/stm32f10x_exti.o
                0x00000000080002f0                EXTI_Init
 .text.EXTI_ClearITPendingBit
                0x0000000008000358        0xc Drivers/StdPeriph_Driver/src/stm32f10x_exti.o
                0x0000000008000358                EXTI_ClearITPendingBit
 .text.FLASH_Unlock
                0x0000000008000364       0x18 Drivers/StdPeriph_Driver/src/stm32f10x_flash.o
                0x0000000008000364                FLASH_Unlock
 .text.FLASH_Lock
                0x000000000800037c       0x10 Drivers/StdPeriph_Driver/src/stm32f10x_flash.o
                0x000000000800037c                FLASH_Lock
 .text.FLASH_GetBank1Status
                0x000000000800038c       0x28 Drivers/StdPeriph_Driver/src/stm32f10x_flash.o
                0x000000000800038c                FLASH_GetBank1Status
 .text.FLASH_WaitForLastOperation
                0x00000000080003b4       0x22 Drivers/StdPeriph_Driver/src/stm32f10x_flash.o
                0x00000000080003b4                FLASH_WaitForLastOperation
 *fill*         0x00000000080003d6        0x2 
 .text.FLASH_ErasePage
                0x00000000080003d8       0x40 Drivers/StdPeriph_Driver/src/stm32f10x_flash.o
                0x00000000080003d8                FLASH_ErasePage
 .text.FLASH_ProgramHalfWord
                0x0000000008000418       0x38 Drivers/StdPeriph_Driver/src/stm32f10x_flash.o
                0x0000000008000418                FLASH_ProgramHalfWord
 .text.GPIO_Init
                0x0000000008000450       0xa6 Drivers/StdPeriph_Driver/src/stm32f10x_gpio.o
                0x0000000008000450                GPIO_Init
 .text.GPIO_ReadInputDataBit
                0x00000000080004f6        0xc Drivers/StdPeriph_Driver/src/stm32f10x_gpio.o
                0x00000000080004f6                GPIO_ReadInputDataBit
 .text.GPIO_ResetBits
                0x0000000008000502        0x4 Drivers/StdPeriph_Driver/src/stm32f10x_gpio.o
                0x0000000008000502                GPIO_ResetBits
 *fill*         0x0000000008000506        0x2 
 .text.RCC_USBCLKConfig
                0x0000000008000508        0xc Drivers/StdPeriph_Driver/src/stm32f10x_rcc.o
                0x0000000008000508                RCC_USBCLKConfig
 .text.RCC_APB2PeriphClockCmd
                0x0000000008000514       0x18 Drivers/StdPeriph_Driver/src/stm32f10x_rcc.o
                0x0000000008000514                RCC_APB2PeriphClockCmd
 .text.RCC_APB1PeriphClockCmd
                0x000000000800052c       0x18 Drivers/StdPeriph_Driver/src/stm32f10x_rcc.o
                0x000000000800052c                RCC_APB1PeriphClockCmd
 .text.FATReadLBA
                0x0000000008000544       0xc0 Src/FAT16.o
                0x0000000008000544                FATReadLBA
 .text.FAT_RootDirWriteRequest
                0x0000000008000604       0x4c Src/FAT16.o
                0x0000000008000604                FAT_RootDirWriteRequest
 .text.FATSetStatusFileName
                0x0000000008000650       0x38 Src/FAT16.o
                0x0000000008000650                FATSetStatusFileName
 .text.FAT_DataSectorWriteRequest
                0x0000000008000688       0x98 Src/FAT16.o
                0x0000000008000688                FAT_DataSectorWriteRequest
 .text.FATWriteLBA
                0x0000000008000720       0x3c Src/FAT16.o
                0x0000000008000720                FATWriteLBA
 .text.Delayms  0x000000000800075c       0x50 Src/delay.o
                0x000000000800075c                Delayms
 .text.TimingDelay_Decrement
                0x00000000080007ac       0x14 Src/delay.o
                0x00000000080007ac                TimingDelay_Decrement
 .text.SysTick_Handler
                0x00000000080007c0        0x4 Src/delay.o
                0x00000000080007c0                SysTick_Handler
 .text.Key_GPIO_Config
                0x00000000080007c4       0x30 Src/key.o
                0x00000000080007c4                Key_GPIO_Config
 .text.Key_Scan
                0x00000000080007f4       0x26 Src/key.o
                0x00000000080007f4                Key_Scan
 *fill*         0x000000000800081a        0x2 
 .text.GPIO_Config
                0x000000000800081c       0x30 Src/main.o
                0x000000000800081c                GPIO_Config
 .text.Jump     0x000000000800084c       0x3a Src/main.o
                0x000000000800084c                Jump
 *fill*         0x0000000008000886        0x2 
 .text.reset_usb
                0x0000000008000888       0x38 Src/main.o
                0x0000000008000888                reset_usb
 .text.startup.main
                0x00000000080008c0       0x44 Src/main.o
                0x00000000080008c0                main
 .text.NMI_Handler
                0x0000000008000904        0x2 Src/stm32f10x_it.o
                0x0000000008000904                NMI_Handler
 .text.HardFault_Handler
                0x0000000008000906        0x2 Src/stm32f10x_it.o
                0x0000000008000906                HardFault_Handler
 .text.MemManage_Handler
                0x0000000008000908        0x2 Src/stm32f10x_it.o
                0x0000000008000908                MemManage_Handler
 .text.BusFault_Handler
                0x000000000800090a        0x2 Src/stm32f10x_it.o
                0x000000000800090a                BusFault_Handler
 .text.UsageFault_Handler
                0x000000000800090c        0x2 Src/stm32f10x_it.o
                0x000000000800090c                UsageFault_Handler
 .text.SVC_Handler
                0x000000000800090e        0x2 Src/stm32f10x_it.o
                0x000000000800090e                SVC_Handler
 .text.DebugMon_Handler
                0x0000000008000910        0x2 Src/stm32f10x_it.o
                0x0000000008000910                DebugMon_Handler
 .text.PendSV_Handler
                0x0000000008000912        0x2 Src/stm32f10x_it.o
                0x0000000008000912                PendSV_Handler
 .text.USB_HP_CAN_TX_IRQHandler
                0x0000000008000914        0x2 Src/stm32f10x_it.o
                0x0000000008000914                USB_HP_CAN_TX_IRQHandler
 .text.USB_LP_CAN_RX0_IRQHandler
                0x0000000008000916        0x4 Src/stm32f10x_it.o
                0x0000000008000916                USB_LP_CAN_RX0_IRQHandler
 .text.STMFLASH_Write_NoCheck
                0x000000000800091a       0x1e Src/stmflash.o
                0x000000000800091a                STMFLASH_Write_NoCheck
 .text.STMFLASH_Read
                0x0000000008000938       0x34 Src/stmflash.o
                0x0000000008000938                STMFLASH_Read
 .text.STMFLASH_Write
                0x000000000800096c       0xbc Src/stmflash.o
                0x000000000800096c                STMFLASH_Write
 .text.Reset_Handler
                0x0000000008000a28       0x50 Startup/startup_stm32f103c8tx.o
                0x0000000008000a28                Reset_Handler
 .text.Default_Handler
                0x0000000008000a78        0x2 Startup/startup_stm32f103c8tx.o
                0x0000000008000a78                EXTI2_IRQHandler
                0x0000000008000a78                TIM8_TRG_COM_IRQHandler
                0x0000000008000a78                TIM8_CC_IRQHandler
                0x0000000008000a78                TIM1_CC_IRQHandler
                0x0000000008000a78                TIM6_IRQHandler
                0x0000000008000a78                PVD_IRQHandler
                0x0000000008000a78                SDIO_IRQHandler
                0x0000000008000a78                EXTI3_IRQHandler
                0x0000000008000a78                EXTI0_IRQHandler
                0x0000000008000a78                I2C2_EV_IRQHandler
                0x0000000008000a78                ADC1_2_IRQHandler
                0x0000000008000a78                SPI1_IRQHandler
                0x0000000008000a78                CAN_SCE_IRQHandler
                0x0000000008000a78                TAMPER_IRQHandler
                0x0000000008000a78                TIM8_UP_IRQHandler
                0x0000000008000a78                DMA2_Channel2_IRQHandler
                0x0000000008000a78                DMA1_Channel4_IRQHandler
                0x0000000008000a78                USART3_IRQHandler
                0x0000000008000a78                RTC_IRQHandler
                0x0000000008000a78                DMA1_Channel7_IRQHandler
                0x0000000008000a78                UART5_IRQHandler
                0x0000000008000a78                ADC3_IRQHandler
                0x0000000008000a78                TIM4_IRQHandler
                0x0000000008000a78                CAN_RX1_IRQHandler
                0x0000000008000a78                DMA2_Channel1_IRQHandler
                0x0000000008000a78                I2C1_EV_IRQHandler
                0x0000000008000a78                DMA1_Channel6_IRQHandler
                0x0000000008000a78                UART4_IRQHandler
                0x0000000008000a78                TIM3_IRQHandler
                0x0000000008000a78                RCC_IRQHandler
                0x0000000008000a78                TIM1_TRG_COM_IRQHandler
                0x0000000008000a78                DMA1_Channel1_IRQHandler
                0x0000000008000a78                Default_Handler
                0x0000000008000a78                EXTI15_10_IRQHandler
                0x0000000008000a78                TIM7_IRQHandler
                0x0000000008000a78                TIM5_IRQHandler
                0x0000000008000a78                EXTI9_5_IRQHandler
                0x0000000008000a78                SPI2_IRQHandler
                0x0000000008000a78                DMA1_Channel5_IRQHandler
                0x0000000008000a78                EXTI4_IRQHandler
                0x0000000008000a78                DMA1_Channel3_IRQHandler
                0x0000000008000a78                FSMC_IRQHandler
                0x0000000008000a78                TIM1_UP_IRQHandler
                0x0000000008000a78                WWDG_IRQHandler
                0x0000000008000a78                TIM2_IRQHandler
                0x0000000008000a78                TIM1_BRK_IRQHandler
                0x0000000008000a78                EXTI1_IRQHandler
                0x0000000008000a78                RTCAlarm_IRQHandler
                0x0000000008000a78                DMA2_Channel4_5_IRQHandler
                0x0000000008000a78                USART2_IRQHandler
                0x0000000008000a78                I2C2_ER_IRQHandler
                0x0000000008000a78                DMA1_Channel2_IRQHandler
                0x0000000008000a78                TIM8_BRK_IRQHandler
                0x0000000008000a78                FLASH_IRQHandler
                0x0000000008000a78                USART1_IRQHandler
                0x0000000008000a78                SPI3_IRQHandler
                0x0000000008000a78                I2C1_ER_IRQHandler
                0x0000000008000a78                DMA2_Channel3_IRQHandler
 .text.Set_USBClock
                0x0000000008000a7a       0x16 USB_Config/hw_config.o
                0x0000000008000a7a                Set_USBClock
 .text.USB_Interrupts_Config
                0x0000000008000a90       0x54 USB_Config/hw_config.o
                0x0000000008000a90                USB_Interrupts_Config
 .text.Led_RW_ON
                0x0000000008000ae4        0x2 USB_Config/hw_config.o
                0x0000000008000ae4                Led_RW_ON
 .text.Led_RW_OFF
                0x0000000008000ae6        0x2 USB_Config/hw_config.o
                0x0000000008000ae6                Led_RW_OFF
 .text.USB_NotConfigured_LED
                0x0000000008000ae8        0x2 USB_Config/hw_config.o
                0x0000000008000ae8                USB_NotConfigured_LED
 .text.USB_Cable_Config
                0x0000000008000aea        0x2 USB_Config/hw_config.o
                0x0000000008000aea                USB_Cable_Config
 .text.Get_SerialNum
                0x0000000008000aec       0x44 USB_Config/hw_config.o
                0x0000000008000aec                Get_SerialNum
 .text.MAL_Write
                0x0000000008000b30       0x1a USB_Config/mass_mal.o
                0x0000000008000b30                MAL_Write
 .text.MAL_Read
                0x0000000008000b4a       0x1a USB_Config/mass_mal.o
                0x0000000008000b4a                MAL_Read
 .text.MAL_GetStatus
                0x0000000008000b64       0x2c USB_Config/mass_mal.o
                0x0000000008000b64                MAL_GetStatus
 .text.Read_Memory
                0x0000000008000b90      0x10c USB_Config/memory.o
                0x0000000008000b90                Read_Memory
 .text.Write_Memory
                0x0000000008000c9c      0x110 USB_Config/memory.o
                0x0000000008000c9c                Write_Memory
 .text.Bot_Abort.part.1
                0x0000000008000dac       0x18 USB_Config/usb_bot.o
 .text.Transfer_Data_Request
                0x0000000008000dc4       0x38 USB_Config/usb_bot.o
                0x0000000008000dc4                Transfer_Data_Request
 .text.Set_CSW  0x0000000008000dfc       0x44 USB_Config/usb_bot.o
                0x0000000008000dfc                Set_CSW
 .text.Mass_Storage_In
                0x0000000008000e40       0x70 USB_Config/usb_bot.o
                0x0000000008000e40                Mass_Storage_In
 .text.CBW_Decode
                0x0000000008000eb0      0x198 USB_Config/usb_bot.o
                0x0000000008000eb0                CBW_Decode
 .text.Bot_Abort
                0x0000000008001048       0x22 USB_Config/usb_bot.o
                0x0000000008001048                Bot_Abort
 *fill*         0x000000000800106a        0x2 
 .text.Mass_Storage_Out
                0x000000000800106c       0x90 USB_Config/usb_bot.o
                0x000000000800106c                Mass_Storage_Out
 .text.EP1_IN_Callback
                0x00000000080010fc        0x4 USB_Config/usb_endp.o
                0x00000000080010fc                EP1_IN_Callback
 .text.EP2_OUT_Callback
                0x0000000008001100        0x4 USB_Config/usb_endp.o
                0x0000000008001100                EP2_OUT_Callback
 .text.USB_Istr
                0x0000000008001104       0x4c USB_Config/usb_istr.o
                0x0000000008001104                USB_Istr
 .text.Mass_Storage_SetDeviceAddress
                0x0000000008001150        0xc USB_Config/usb_prop.o
                0x0000000008001150                Mass_Storage_SetDeviceAddress
 .text.MASS_Status_In
                0x000000000800115c        0x2 USB_Config/usb_prop.o
                0x000000000800115c                MASS_Status_In
 .text.MASS_Get_Interface_Setting
                0x000000000800115e       0x10 USB_Config/usb_prop.o
                0x000000000800115e                MASS_Get_Interface_Setting
 *fill*         0x000000000800116e        0x2 
 .text.Get_Max_Lun
                0x0000000008001170       0x18 USB_Config/usb_prop.o
                0x0000000008001170                Get_Max_Lun
 .text.MASS_init
                0x0000000008001188       0x3c USB_Config/usb_prop.o
                0x0000000008001188                MASS_init
 .text.MASS_Reset
                0x00000000080011c4       0xec USB_Config/usb_prop.o
                0x00000000080011c4                MASS_Reset
 .text.Mass_Storage_ClearFeature
                0x00000000080012b0       0x1c USB_Config/usb_prop.o
                0x00000000080012b0                Mass_Storage_ClearFeature
 .text.MASS_GetDeviceDescriptor
                0x00000000080012cc        0xc USB_Config/usb_prop.o
                0x00000000080012cc                MASS_GetDeviceDescriptor
 .text.MASS_GetConfigDescriptor
                0x00000000080012d8        0xc USB_Config/usb_prop.o
                0x00000000080012d8                MASS_GetConfigDescriptor
 .text.MASS_GetStringDescriptor
                0x00000000080012e4       0x20 USB_Config/usb_prop.o
                0x00000000080012e4                MASS_GetStringDescriptor
 .text.Mass_Storage_SetConfiguration
                0x0000000008001304       0x30 USB_Config/usb_prop.o
                0x0000000008001304                Mass_Storage_SetConfiguration
 .text.MASS_NoData_Setup
                0x0000000008001334       0x4c USB_Config/usb_prop.o
                0x0000000008001334                MASS_NoData_Setup
 .text.MASS_Status_Out
                0x0000000008001380        0x2 USB_Config/usb_prop.o
                0x0000000008001380                MASS_Status_Out
 *fill*         0x0000000008001382        0x2 
 .text.MASS_Data_Setup
                0x0000000008001384       0x34 USB_Config/usb_prop.o
                0x0000000008001384                MASS_Data_Setup
 .text.PowerOn  0x00000000080013b8       0x30 USB_Config/usb_pwr.o
                0x00000000080013b8                PowerOn
 .text.SCSI_Inquiry_Cmd
                0x00000000080013e8       0x2c USB_Config/usb_scsi.o
                0x00000000080013e8                SCSI_Inquiry_Cmd
 .text.SCSI_ReadFormatCapacity_Cmd
                0x0000000008001414       0x68 USB_Config/usb_scsi.o
                0x0000000008001414                SCSI_ReadFormatCapacity_Cmd
 .text.SCSI_ReadCapacity10_Cmd
                0x000000000800147c       0x6c USB_Config/usb_scsi.o
                0x000000000800147c                SCSI_ReadCapacity10_Cmd
 .text.SCSI_ModeSense6_Cmd
                0x00000000080014e8        0xc USB_Config/usb_scsi.o
                0x00000000080014e8                SCSI_ModeSense6_Cmd
 .text.SCSI_ModeSense10_Cmd
                0x00000000080014f4        0xc USB_Config/usb_scsi.o
                0x00000000080014f4                SCSI_ModeSense10_Cmd
 .text.SCSI_RequestSense_Cmd
                0x0000000008001500       0x18 USB_Config/usb_scsi.o
                0x0000000008001500                SCSI_RequestSense_Cmd
 .text.Set_Scsi_Sense_Data
                0x0000000008001518        0xc USB_Config/usb_scsi.o
                0x0000000008001518                Set_Scsi_Sense_Data
 .text.SCSI_Start_Stop_Unit_Cmd
                0x0000000008001524        0x8 USB_Config/usb_scsi.o
                0x0000000008001524                SCSI_Start_Stop_Unit_Cmd
 .text.SCSI_Verify10_Cmd
                0x000000000800152c       0x38 USB_Config/usb_scsi.o
                0x000000000800152c                SCSI_Verify10_Cmd
 .text.SCSI_TestUnitReady_Cmd
                0x0000000008001564       0x34 USB_Config/usb_scsi.o
                0x0000000008001564                SCSI_TestUnitReady_Cmd
 .text.SCSI_Format_Cmd
                0x0000000008001598       0x2c USB_Config/usb_scsi.o
                0x0000000008001598                SCSI_Format_Cmd
 .text.SCSI_Invalid_Cmd
                0x00000000080015c4       0x38 USB_Config/usb_scsi.o
                0x00000000080015c4                SCSI_Invalid_Cmd
 .text.SCSI_Address_Management
                0x00000000080015fc       0x70 USB_Config/usb_scsi.o
                0x00000000080015fc                SCSI_Address_Management
 .text.SCSI_Read10_Cmd
                0x000000000800166c       0x6c USB_Config/usb_scsi.o
                0x000000000800166c                SCSI_Read10_Cmd
 .text.SCSI_Write10_Cmd
                0x00000000080016d8       0x68 USB_Config/usb_scsi.o
                0x00000000080016d8                SCSI_Write10_Cmd
 .text.Standard_GetConfiguration
                0x0000000008001740       0x24 USB_Core/usb_core.o
                0x0000000008001740                Standard_GetConfiguration
 .text.Standard_GetInterface
                0x0000000008001764       0x24 USB_Core/usb_core.o
                0x0000000008001764                Standard_GetInterface
 .text.Standard_GetStatus
                0x0000000008001788       0x88 USB_Core/usb_core.o
                0x0000000008001788                Standard_GetStatus
 .text.DataStageIn
                0x0000000008001810       0xac USB_Core/usb_core.o
 .text.Standard_SetConfiguration
                0x00000000080018bc       0x38 USB_Core/usb_core.o
                0x00000000080018bc                Standard_SetConfiguration
 .text.Standard_SetInterface
                0x00000000080018f4       0x4c USB_Core/usb_core.o
                0x00000000080018f4                Standard_SetInterface
 .text.Standard_ClearFeature
                0x0000000008001940       0xc4 USB_Core/usb_core.o
                0x0000000008001940                Standard_ClearFeature
 .text.Standard_SetEndPointFeature
                0x0000000008001a04       0x7c USB_Core/usb_core.o
                0x0000000008001a04                Standard_SetEndPointFeature
 .text.Standard_SetDeviceFeature
                0x0000000008001a80       0x24 USB_Core/usb_core.o
                0x0000000008001a80                Standard_SetDeviceFeature
 .text.Standard_GetDescriptorData
                0x0000000008001aa4       0x1c USB_Core/usb_core.o
                0x0000000008001aa4                Standard_GetDescriptorData
 .text.Post0_Process
                0x0000000008001ac0       0x40 USB_Core/usb_core.o
                0x0000000008001ac0                Post0_Process
 .text.Setup0_Process
                0x0000000008001b00      0x2c4 USB_Core/usb_core.o
                0x0000000008001b00                Setup0_Process
 .text.Out0_Process
                0x0000000008001dc4       0xc0 USB_Core/usb_core.o
                0x0000000008001dc4                Out0_Process
 .text.SetDeviceAddress
                0x0000000008001e84       0x38 USB_Core/usb_core.o
                0x0000000008001e84                SetDeviceAddress
 .text.In0_Process
                0x0000000008001ebc       0x5c USB_Core/usb_core.o
                0x0000000008001ebc                In0_Process
 .text.NOP_Process
                0x0000000008001f18        0x2 USB_Core/usb_core.o
                0x0000000008001f18                NOP_Process
 *fill*         0x0000000008001f1a        0x2 
 .text.USB_Init
                0x0000000008001f1c       0x34 USB_Core/usb_init.o
                0x0000000008001f1c                USB_Init
 .text.CTR_LP   0x0000000008001f50      0x170 USB_Core/usb_int.o
                0x0000000008001f50                CTR_LP
 .text.UserToPMABufferCopy
                0x00000000080020c0       0x1e USB_Core/usb_mem.o
                0x00000000080020c0                UserToPMABufferCopy
 .text.PMAToUserBufferCopy
                0x00000000080020de       0x24 USB_Core/usb_mem.o
                0x00000000080020de                PMAToUserBufferCopy
 *fill*         0x0000000008002102        0x2 
 .text.SetBTABLE
                0x0000000008002104       0x10 USB_Core/usb_regs.o
                0x0000000008002104                SetBTABLE
 .text.SetEPType
                0x0000000008002114       0x1c USB_Core/usb_regs.o
                0x0000000008002114                SetEPType
 .text.SetEPTxStatus
                0x0000000008002130       0x2a USB_Core/usb_regs.o
                0x0000000008002130                SetEPTxStatus
 .text.SetEPRxStatus
                0x000000000800215a       0x2a USB_Core/usb_regs.o
                0x000000000800215a                SetEPRxStatus
 .text.SetEPRxValid
                0x0000000008002184       0x1e USB_Core/usb_regs.o
                0x0000000008002184                SetEPRxValid
 .text.ClearEP_KIND
                0x00000000080021a2       0x1c USB_Core/usb_regs.o
                0x00000000080021a2                ClearEP_KIND
 .text.Clear_Status_Out
                0x00000000080021be        0x4 USB_Core/usb_regs.o
                0x00000000080021be                Clear_Status_Out
 .text.ClearDTOG_RX
                0x00000000080021c2       0x26 USB_Core/usb_regs.o
                0x00000000080021c2                ClearDTOG_RX
 .text.ClearDTOG_TX
                0x00000000080021e8       0x26 USB_Core/usb_regs.o
                0x00000000080021e8                ClearDTOG_TX
 *fill*         0x000000000800220e        0x2 
 .text.SetEPTxAddr
                0x0000000008002210       0x20 USB_Core/usb_regs.o
                0x0000000008002210                SetEPTxAddr
 .text.SetEPRxAddr
                0x0000000008002230       0x20 USB_Core/usb_regs.o
                0x0000000008002230                SetEPRxAddr
 .text.GetEPTxAddr
                0x0000000008002250       0x1c USB_Core/usb_regs.o
                0x0000000008002250                GetEPTxAddr
 .text.GetEPRxAddr
                0x000000000800226c       0x1c USB_Core/usb_regs.o
                0x000000000800226c                GetEPRxAddr
 .text.SetEPTxCount
                0x0000000008002288       0x1c USB_Core/usb_regs.o
                0x0000000008002288                SetEPTxCount
 .text.SetEPRxCount
                0x00000000080022a4       0x40 USB_Core/usb_regs.o
                0x00000000080022a4                SetEPRxCount
 .text.GetEPRxCount
                0x00000000080022e4       0x20 USB_Core/usb_regs.o
                0x00000000080022e4                GetEPRxCount
 .text.ByteSwap
                0x0000000008002304        0xa USB_Core/usb_regs.o
                0x0000000008002304                ByteSwap
 *fill*         0x000000000800230e        0x2 
 .text.__libc_init_array
                0x0000000008002310       0x48 d:/st/stm32cubeide_1.4.0/stm32cubeide/plugins/com.st.stm32cube.ide.mcu.externaltools.gnu-tools-for-stm32.7-2018-q2-update.win32_1.4.0.202007081208/tools/bin/../lib/gcc/arm-none-eabi/7.3.1/../../../../arm-none-eabi/lib/thumb/v7-m\libc_nano.a(lib_a-init.o)
                0x0000000008002310                __libc_init_array
 .text.memcmp   0x0000000008002358       0x1e d:/st/stm32cubeide_1.4.0/stm32cubeide/plugins/com.st.stm32cube.ide.mcu.externaltools.gnu-tools-for-stm32.7-2018-q2-update.win32_1.4.0.202007081208/tools/bin/../lib/gcc/arm-none-eabi/7.3.1/../../../../arm-none-eabi/lib/thumb/v7-m\libc_nano.a(lib_a-memcmp.o)
                0x0000000008002358                memcmp
 .text.memset   0x0000000008002376       0x10 d:/st/stm32cubeide_1.4.0/stm32cubeide/plugins/com.st.stm32cube.ide.mcu.externaltools.gnu-tools-for-stm32.7-2018-q2-update.win32_1.4.0.202007081208/tools/bin/../lib/gcc/arm-none-eabi/7.3.1/../../../../arm-none-eabi/lib/thumb/v7-m\libc_nano.a(lib_a-memset.o)
                0x0000000008002376                memset
 *(.glue_7)
 .glue_7        0x0000000008002386        0x0 linker stubs
 *(.glue_7t)
 .glue_7t       0x0000000008002386        0x0 linker stubs
 *(.eh_frame)
 *fill*         0x0000000008002386        0x2 
 .eh_frame      0x0000000008002388        0x0 d:/st/stm32cubeide_1.4.0/stm32cubeide/plugins/com.st.stm32cube.ide.mcu.externaltools.gnu-tools-for-stm32.7-2018-q2-update.win32_1.4.0.202007081208/tools/bin/../lib/gcc/arm-none-eabi/7.3.1/thumb/v7-m/crtbegin.o
 *(.init)
 .init          0x0000000008002388        0x4 d:/st/stm32cubeide_1.4.0/stm32cubeide/plugins/com.st.stm32cube.ide.mcu.externaltools.gnu-tools-for-stm32.7-2018-q2-update.win32_1.4.0.202007081208/tools/bin/../lib/gcc/arm-none-eabi/7.3.1/thumb/v7-m/crti.o
                0x0000000008002388                _init
 .init          0x000000000800238c        0x8 d:/st/stm32cubeide_1.4.0/stm32cubeide/plugins/com.st.stm32cube.ide.mcu.externaltools.gnu-tools-for-stm32.7-2018-q2-update.win32_1.4.0.202007081208/tools/bin/../lib/gcc/arm-none-eabi/7.3.1/thumb/v7-m/crtn.o
 *(.fini)
 .fini          0x0000000008002394        0x4 d:/st/stm32cubeide_1.4.0/stm32cubeide/plugins/com.st.stm32cube.ide.mcu.externaltools.gnu-tools-for-stm32.7-2018-q2-update.win32_1.4.0.202007081208/tools/bin/../lib/gcc/arm-none-eabi/7.3.1/thumb/v7-m/crti.o
                0x0000000008002394                _fini
 .fini          0x0000000008002398        0x8 d:/st/stm32cubeide_1.4.0/stm32cubeide/plugins/com.st.stm32cube.ide.mcu.externaltools.gnu-tools-for-stm32.7-2018-q2-update.win32_1.4.0.202007081208/tools/bin/../lib/gcc/arm-none-eabi/7.3.1/thumb/v7-m/crtn.o
                0x00000000080023a0                . = ALIGN (0x4)
                0x00000000080023a0                _etext = .

.vfp11_veneer   0x00000000080023a0        0x0
 .vfp11_veneer  0x00000000080023a0        0x0 linker stubs

.v4_bx          0x00000000080023a0        0x0
 .v4_bx         0x00000000080023a0        0x0 linker stubs

.iplt           0x00000000080023a0        0x0
 .iplt          0x00000000080023a0        0x0 d:/st/stm32cubeide_1.4.0/stm32cubeide/plugins/com.st.stm32cube.ide.mcu.externaltools.gnu-tools-for-stm32.7-2018-q2-update.win32_1.4.0.202007081208/tools/bin/../lib/gcc/arm-none-eabi/7.3.1/thumb/v7-m/crtbegin.o

.rodata         0x00000000080023a0      0x108
                0x00000000080023a0                . = ALIGN (0x4)
 *(.rodata)
 *(.rodata*)
 .rodata.FAT16_BootSector
                0x00000000080023a0       0x3e Src/FAT16.o
                0x00000000080023a0                FAT16_BootSector
 .rodata.FAT16_RootDirSector
                0x00000000080023de       0x2f Src/FAT16.o
                0x00000000080023de                FAT16_RootDirSector
 .rodata.FAT_DataSectorWriteRequest.str1.1
                0x000000000800240d       0x19 Src/FAT16.o
 .rodata.MASS_ConfigDescriptor
                0x0000000008002426       0x20 USB_Config/usb_desc.o
                0x0000000008002426                MASS_ConfigDescriptor
 .rodata.MASS_DeviceDescriptor
                0x0000000008002446       0x12 USB_Config/usb_desc.o
                0x0000000008002446                MASS_DeviceDescriptor
 .rodata.MASS_StringInterface
                0x0000000008002458       0x10 USB_Config/usb_desc.o
                0x0000000008002458                MASS_StringInterface
 .rodata.MASS_StringLangID
                0x0000000008002468        0x4 USB_Config/usb_desc.o
                0x0000000008002468                MASS_StringLangID
 .rodata.MASS_StringProduct
                0x000000000800246c       0x26 USB_Config/usb_desc.o
                0x000000000800246c                MASS_StringProduct
 .rodata.MASS_StringVendor
                0x0000000008002492       0x14 USB_Config/usb_desc.o
                0x0000000008002492                MASS_StringVendor
                0x00000000080024a8                . = ALIGN (0x4)
 *fill*         0x00000000080024a6        0x2 

.rel.dyn        0x00000000080024a8        0x0
 .rel.iplt      0x00000000080024a8        0x0 d:/st/stm32cubeide_1.4.0/stm32cubeide/plugins/com.st.stm32cube.ide.mcu.externaltools.gnu-tools-for-stm32.7-2018-q2-update.win32_1.4.0.202007081208/tools/bin/../lib/gcc/arm-none-eabi/7.3.1/thumb/v7-m/crtbegin.o

.ARM.extab      0x00000000080024a8        0x0
                0x00000000080024a8                . = ALIGN (0x4)
 *(.ARM.extab* .gnu.linkonce.armextab.*)
                0x00000000080024a8                . = ALIGN (0x4)

.ARM            0x00000000080024a8        0x0
                0x00000000080024a8                . = ALIGN (0x4)
                0x00000000080024a8                __exidx_start = .
 *(.ARM.exidx*)
                0x00000000080024a8                __exidx_end = .
                0x00000000080024a8                . = ALIGN (0x4)

.preinit_array  0x00000000080024a8        0x0
                0x00000000080024a8                . = ALIGN (0x4)
                0x00000000080024a8                PROVIDE (__preinit_array_start = .)
 *(.preinit_array*)
                0x00000000080024a8                PROVIDE (__preinit_array_end = .)
                0x00000000080024a8                . = ALIGN (0x4)

.init_array     0x00000000080024a8        0x4
                0x00000000080024a8                . = ALIGN (0x4)
                0x00000000080024a8                PROVIDE (__init_array_start = .)
 *(SORT_BY_NAME(.init_array.*))
 *(.init_array*)
 .init_array    0x00000000080024a8        0x4 d:/st/stm32cubeide_1.4.0/stm32cubeide/plugins/com.st.stm32cube.ide.mcu.externaltools.gnu-tools-for-stm32.7-2018-q2-update.win32_1.4.0.202007081208/tools/bin/../lib/gcc/arm-none-eabi/7.3.1/thumb/v7-m/crtbegin.o
                0x00000000080024ac                PROVIDE (__init_array_end = .)
                0x00000000080024ac                . = ALIGN (0x4)

.fini_array     0x00000000080024ac        0x4
                0x00000000080024ac                . = ALIGN (0x4)
                [!provide]                        PROVIDE (__fini_array_start = .)
 *(SORT_BY_NAME(.fini_array.*))
 *(.fini_array*)
 .fini_array    0x00000000080024ac        0x4 d:/st/stm32cubeide_1.4.0/stm32cubeide/plugins/com.st.stm32cube.ide.mcu.externaltools.gnu-tools-for-stm32.7-2018-q2-update.win32_1.4.0.202007081208/tools/bin/../lib/gcc/arm-none-eabi/7.3.1/thumb/v7-m/crtbegin.o
                [!provide]                        PROVIDE (__fini_array_end = .)
                0x00000000080024b0                . = ALIGN (0x4)
                0x00000000080024b0                _sidata = LOADADDR (.data)

.data           0x0000000020000000      0x140 load address 0x00000000080024b0
                0x0000000020000000                . = ALIGN (0x4)
                0x0000000020000000                _sdata = .
 *(.data)
 *(.data*)
 .data.SystemCoreClock
                0x0000000020000000        0x4 CMSIS/system_stm32f10x.o
                0x0000000020000000                SystemCoreClock
 .data.FAT16_ReadyFileName
                0x0000000020000004        0xb Src/FAT16.o
                0x0000000020000004                FAT16_ReadyFileName
 .data.Mode_Sense10_data
                0x000000002000000f        0x8 USB_Config/scsi_data.o
                0x000000002000000f                Mode_Sense10_data
 .data.Mode_Sense6_data
                0x0000000020000017        0x4 USB_Config/scsi_data.o
                0x0000000020000017                Mode_Sense6_data
 .data.ReadFormatCapacity_Data
                0x000000002000001b        0xc USB_Config/scsi_data.o
                0x000000002000001b                ReadFormatCapacity_Data
 .data.Scsi_Sense_Data
                0x0000000020000027       0x12 USB_Config/scsi_data.o
                0x0000000020000027                Scsi_Sense_Data
 .data.Standard_Inquiry_Data
                0x0000000020000039       0x24 USB_Config/scsi_data.o
                0x0000000020000039                Standard_Inquiry_Data
 .data.MASS_StringSerial
                0x000000002000005d       0x1a USB_Config/usb_desc.o
                0x000000002000005d                MASS_StringSerial
 *fill*         0x0000000020000077        0x1 
 .data.pEpInt_IN
                0x0000000020000078       0x1c USB_Config/usb_istr.o
                0x0000000020000078                pEpInt_IN
 .data.pEpInt_OUT
                0x0000000020000094       0x1c USB_Config/usb_istr.o
                0x0000000020000094                pEpInt_OUT
 .data.Config_Descriptor
                0x00000000200000b0        0x8 USB_Config/usb_prop.o
                0x00000000200000b0                Config_Descriptor
 .data.Device_Descriptor
                0x00000000200000b8        0x8 USB_Config/usb_prop.o
                0x00000000200000b8                Device_Descriptor
 .data.Device_Property
                0x00000000200000c0       0x30 USB_Config/usb_prop.o
                0x00000000200000c0                Device_Property
 .data.Device_Table
                0x00000000200000f0        0x2 USB_Config/usb_prop.o
                0x00000000200000f0                Device_Table
 *fill*         0x00000000200000f2        0x2 
 .data.String_Descriptor
                0x00000000200000f4       0x28 USB_Config/usb_prop.o
                0x00000000200000f4                String_Descriptor
 .data.User_Standard_Requests
                0x000000002000011c       0x24 USB_Config/usb_prop.o
                0x000000002000011c                User_Standard_Requests
                0x0000000020000140                . = ALIGN (0x4)
                0x0000000020000140                _edata = .

.igot.plt       0x0000000020000140        0x0 load address 0x00000000080025f0
 .igot.plt      0x0000000020000140        0x0 d:/st/stm32cubeide_1.4.0/stm32cubeide/plugins/com.st.stm32cube.ide.mcu.externaltools.gnu-tools-for-stm32.7-2018-q2-update.win32_1.4.0.202007081208/tools/bin/../lib/gcc/arm-none-eabi/7.3.1/thumb/v7-m/crtbegin.o
                0x0000000020000140                . = ALIGN (0x4)

.bss            0x0000000020000140      0xd44 load address 0x00000000080025f0
                0x0000000020000140                _sbss = .
                0x0000000020000140                __bss_start__ = _sbss
 *(.bss)
 .bss           0x0000000020000140       0x1c d:/st/stm32cubeide_1.4.0/stm32cubeide/plugins/com.st.stm32cube.ide.mcu.externaltools.gnu-tools-for-stm32.7-2018-q2-update.win32_1.4.0.202007081208/tools/bin/../lib/gcc/arm-none-eabi/7.3.1/thumb/v7-m/crtbegin.o
 *(.bss*)
 .bss.TimingDelay
                0x000000002000015c        0x4 Src/delay.o
 .bss.Block_Read_count
                0x0000000020000160        0x4 USB_Config/memory.o
                0x0000000020000160                Block_Read_count
 .bss.Counter   0x0000000020000164        0x4 USB_Config/memory.o
                0x0000000020000164                Counter
 .bss.Length.6872
                0x0000000020000168        0x4 USB_Config/memory.o
 .bss.Offset.6871
                0x000000002000016c        0x4 USB_Config/memory.o
 .bss.TransferState
                0x0000000020000170        0x1 USB_Config/memory.o
                0x0000000020000170                TransferState
 .bss.USB_STATUS_REG
                0x0000000020000171        0x1 USB_Config/memory.o
                0x0000000020000171                USB_STATUS_REG
 *fill*         0x0000000020000172        0x2 
 .bss.W_Length.6880
                0x0000000020000174        0x4 USB_Config/memory.o
 .bss.W_Offset.6879
                0x0000000020000178        0x4 USB_Config/memory.o
 .bss.Page00_Inquiry_Data
                0x000000002000017c        0x5 USB_Config/scsi_data.o
                0x000000002000017c                Page00_Inquiry_Data
 .bss.ReadCapacity10_Data
                0x0000000020000181        0x8 USB_Config/scsi_data.o
                0x0000000020000181                ReadCapacity10_Data
 *fill*         0x0000000020000189        0x3 
 .bss.Max_Lun   0x000000002000018c        0x4 USB_Config/usb_prop.o
                0x000000002000018c                Max_Lun
 .bss.bDeviceState
                0x0000000020000190        0x4 USB_Config/usb_pwr.o
                0x0000000020000190                bDeviceState
 .bss.Data_Mul_MaxPacketSize
                0x0000000020000194        0x1 USB_Core/usb_core.o
                0x0000000020000194                Data_Mul_MaxPacketSize
 *(COMMON)
 *fill*         0x0000000020000195        0x3 
 COMMON         0x0000000020000198       0x20 Src/FAT16.o
                0x0000000020000198                FileAttr
 COMMON         0x00000000200001b8      0x400 Src/stmflash.o
                0x00000000200001b8                STMFLASH_BUF
 COMMON         0x00000000200005b8        0xc USB_Config/mass_mal.o
                0x00000000200005b8                Mass_Memory_Size
                0x00000000200005bc                Mass_Block_Size
                0x00000000200005c0                Mass_Block_Count
 COMMON         0x00000000200005c4      0x808 USB_Config/memory.o
                0x00000000200005c4                Block_offset
                0x00000000200005c8                Idx
                0x00000000200005cc                Data_Buffer
 COMMON         0x0000000020000dcc       0x7c USB_Config/usb_bot.o
                0x0000000020000dcc                CBW
                0x0000000020000dec                Data_Len
                0x0000000020000dee                Bot_State
                0x0000000020000df0                SCSI_LBA
                0x0000000020000df4                CSW
                0x0000000020000e04                SCSI_BlkLen
                0x0000000020000e08                Bulk_Data_Buff
 COMMON         0x0000000020000e48        0x2 USB_Config/usb_istr.o
                0x0000000020000e48                wIstr
 COMMON         0x0000000020000e4a        0x2 USB_Core/usb_core.o
                0x0000000020000e4a                StatusInfo
 COMMON         0x0000000020000e4c       0x32 USB_Core/usb_init.o
                0x0000000020000e4c                SaveState
                0x0000000020000e50                pProperty
                0x0000000020000e54                EPindex
                0x0000000020000e58                Device_Info
                0x0000000020000e74                pUser_Standard_Requests
                0x0000000020000e78                pInformation
                0x0000000020000e7c                wInterrupt_Mask
 COMMON         0x0000000020000e7e        0x4 USB_Core/usb_int.o
                0x0000000020000e7e                SaveRState
                0x0000000020000e80                SaveTState
                0x0000000020000e84                . = ALIGN (0x4)
 *fill*         0x0000000020000e82        0x2 
                0x0000000020000e84                _ebss = .
                0x0000000020000e84                __bss_end__ = _ebss

._user_heap_stack
                0x0000000020000e84      0x604 load address 0x00000000080025f0
                0x0000000020000e88                . = ALIGN (0x8)
 *fill*         0x0000000020000e84        0x4 
                [!provide]                        PROVIDE (end = .)
                0x0000000020000e88                PROVIDE (_end = .)
                0x0000000020001088                . = (. + _Min_Heap_Size)
 *fill*         0x0000000020000e88      0x200 
                0x0000000020001488                . = (. + _Min_Stack_Size)
 *fill*         0x0000000020001088      0x400 
                0x0000000020001488                . = ALIGN (0x8)

/DISCARD/
 libc.a(*)
 libm.a(*)
 libgcc.a(*)

.ARM.attributes
                0x0000000000000000       0x29
 *(.ARM.attributes)
 .ARM.attributes
                0x0000000000000000       0x1d d:/st/stm32cubeide_1.4.0/stm32cubeide/plugins/com.st.stm32cube.ide.mcu.externaltools.gnu-tools-for-stm32.7-2018-q2-update.win32_1.4.0.202007081208/tools/bin/../lib/gcc/arm-none-eabi/7.3.1/thumb/v7-m/crti.o
 .ARM.attributes
                0x000000000000001d       0x2d d:/st/stm32cubeide_1.4.0/stm32cubeide/plugins/com.st.stm32cube.ide.mcu.externaltools.gnu-tools-for-stm32.7-2018-q2-update.win32_1.4.0.202007081208/tools/bin/../lib/gcc/arm-none-eabi/7.3.1/thumb/v7-m/crtbegin.o
 .ARM.attributes
                0x000000000000004a       0x33 CMSIS/system_stm32f10x.o
 .ARM.attributes
                0x000000000000007d       0x33 Drivers/StdPeriph_Driver/src/misc.o
 .ARM.attributes
                0x00000000000000b0       0x33 Drivers/StdPeriph_Driver/src/stm32f10x_exti.o
 .ARM.attributes
                0x00000000000000e3       0x33 Drivers/StdPeriph_Driver/src/stm32f10x_flash.o
 .ARM.attributes
                0x0000000000000116       0x33 Drivers/StdPeriph_Driver/src/stm32f10x_gpio.o
 .ARM.attributes
                0x0000000000000149       0x33 Drivers/StdPeriph_Driver/src/stm32f10x_rcc.o
 .ARM.attributes
                0x000000000000017c       0x33 Src/FAT16.o
 .ARM.attributes
                0x00000000000001af       0x33 Src/delay.o
 .ARM.attributes
                0x00000000000001e2       0x33 Src/key.o
 .ARM.attributes
                0x0000000000000215       0x33 Src/main.o
 .ARM.attributes
                0x0000000000000248       0x33 Src/stm32f10x_it.o
 .ARM.attributes
                0x000000000000027b       0x33 Src/stmflash.o
 .ARM.attributes
                0x00000000000002ae       0x21 Startup/startup_stm32f103c8tx.o
 .ARM.attributes
                0x00000000000002cf       0x33 USB_Config/hw_config.o
 .ARM.attributes
                0x0000000000000302       0x33 USB_Config/mass_mal.o
 .ARM.attributes
                0x0000000000000335       0x33 USB_Config/memory.o
 .ARM.attributes
                0x0000000000000368       0x33 USB_Config/scsi_data.o
 .ARM.attributes
                0x000000000000039b       0x33 USB_Config/usb_bot.o
 .ARM.attributes
                0x00000000000003ce       0x33 USB_Config/usb_desc.o
 .ARM.attributes
                0x0000000000000401       0x33 USB_Config/usb_endp.o
 .ARM.attributes
                0x0000000000000434       0x33 USB_Config/usb_istr.o
 .ARM.attributes
                0x0000000000000467       0x33 USB_Config/usb_prop.o
 .ARM.attributes
                0x000000000000049a       0x33 USB_Config/usb_pwr.o
 .ARM.attributes
                0x00000000000004cd       0x33 USB_Config/usb_scsi.o
 .ARM.attributes
                0x0000000000000500       0x33 USB_Core/usb_core.o
 .ARM.attributes
                0x0000000000000533       0x33 USB_Core/usb_init.o
 .ARM.attributes
                0x0000000000000566       0x33 USB_Core/usb_int.o
 .ARM.attributes
                0x0000000000000599       0x33 USB_Core/usb_mem.o
 .ARM.attributes
                0x00000000000005cc       0x33 USB_Core/usb_regs.o
 .ARM.attributes
                0x00000000000005ff       0x2d d:/st/stm32cubeide_1.4.0/stm32cubeide/plugins/com.st.stm32cube.ide.mcu.externaltools.gnu-tools-for-stm32.7-2018-q2-update.win32_1.4.0.202007081208/tools/bin/../lib/gcc/arm-none-eabi/7.3.1/../../../../arm-none-eabi/lib/thumb/v7-m\libc_nano.a(lib_a-init.o)
 .ARM.attributes
                0x000000000000062c       0x2d d:/st/stm32cubeide_1.4.0/stm32cubeide/plugins/com.st.stm32cube.ide.mcu.externaltools.gnu-tools-for-stm32.7-2018-q2-update.win32_1.4.0.202007081208/tools/bin/../lib/gcc/arm-none-eabi/7.3.1/../../../../arm-none-eabi/lib/thumb/v7-m\libc_nano.a(lib_a-memcmp.o)
 .ARM.attributes
                0x0000000000000659       0x2d d:/st/stm32cubeide_1.4.0/stm32cubeide/plugins/com.st.stm32cube.ide.mcu.externaltools.gnu-tools-for-stm32.7-2018-q2-update.win32_1.4.0.202007081208/tools/bin/../lib/gcc/arm-none-eabi/7.3.1/../../../../arm-none-eabi/lib/thumb/v7-m\libc_nano.a(lib_a-memset.o)
 .ARM.attributes
                0x0000000000000686       0x17 d:/st/stm32cubeide_1.4.0/stm32cubeide/plugins/com.st.stm32cube.ide.mcu.externaltools.gnu-tools-for-stm32.7-2018-q2-update.win32_1.4.0.202007081208/tools/bin/../lib/gcc/arm-none-eabi/7.3.1/../../../../arm-none-eabi/lib/thumb/v7-m\libc_nano.a(lib_a-strlen.o)
 .ARM.attributes
                0x000000000000069d       0x1d d:/st/stm32cubeide_1.4.0/stm32cubeide/plugins/com.st.stm32cube.ide.mcu.externaltools.gnu-tools-for-stm32.7-2018-q2-update.win32_1.4.0.202007081208/tools/bin/../lib/gcc/arm-none-eabi/7.3.1/thumb/v7-m/crtn.o
OUTPUT(LaserMscBootloader.elf elf32-littlearm)

.comment        0x0000000000000000       0x7b
 .comment       0x0000000000000000       0x7b CMSIS/system_stm32f10x.o
                                         0x7c (size before relaxing)
 .comment       0x000000000000007b       0x7c Drivers/StdPeriph_Driver/src/misc.o
 .comment       0x000000000000007b       0x7c Drivers/StdPeriph_Driver/src/stm32f10x_exti.o
 .comment       0x000000000000007b       0x7c Drivers/StdPeriph_Driver/src/stm32f10x_flash.o
 .comment       0x000000000000007b       0x7c Drivers/StdPeriph_Driver/src/stm32f10x_gpio.o
 .comment       0x000000000000007b       0x7c Drivers/StdPeriph_Driver/src/stm32f10x_rcc.o
 .comment       0x000000000000007b       0x7c Src/FAT16.o
 .comment       0x000000000000007b       0x7c Src/delay.o
 .comment       0x000000000000007b       0x7c Src/key.o
 .comment       0x000000000000007b       0x7c Src/main.o
 .comment       0x000000000000007b       0x7c Src/stm32f10x_it.o
 .comment       0x000000000000007b       0x7c Src/stmflash.o
 .comment       0x000000000000007b       0x7c USB_Config/hw_config.o
 .comment       0x000000000000007b       0x7c USB_Config/mass_mal.o
 .comment       0x000000000000007b       0x7c USB_Config/memory.o
 .comment       0x000000000000007b       0x7c USB_Config/scsi_data.o
 .comment       0x000000000000007b       0x7c USB_Config/usb_bot.o
 .comment       0x000000000000007b       0x7c USB_Config/usb_desc.o
 .comment       0x000000000000007b       0x7c USB_Config/usb_endp.o
 .comment       0x000000000000007b       0x7c USB_Config/usb_istr.o
 .comment       0x000000000000007b       0x7c USB_Config/usb_prop.o
 .comment       0x000000000000007b       0x7c USB_Config/usb_pwr.o
 .comment       0x000000000000007b       0x7c USB_Config/usb_scsi.o
 .comment       0x000000000000007b       0x7c USB_Core/usb_core.o
 .comment       0x000000000000007b       0x7c USB_Core/usb_init.o
 .comment       0x000000000000007b       0x7c USB_Core/usb_int.o
 .comment       0x000000000000007b       0x7c USB_Core/usb_mem.o
 .comment       0x000000000000007b       0x7c USB_Core/usb_regs.o

.debug_frame    0x0000000000000000       0x78
 .debug_frame   0x0000000000000000       0x2c d:/st/stm32cubeide_1.4.0/stm32cubeide/plugins/com.st.stm32cube.ide.mcu.externaltools.gnu-tools-for-stm32.7-2018-q2-update.win32_1.4.0.202007081208/tools/bin/../lib/gcc/arm-none-eabi/7.3.1/../../../../arm-none-eabi/lib/thumb/v7-m\libc_nano.a(lib_a-init.o)
 .debug_frame   0x000000000000002c       0x2c d:/st/stm32cubeide_1.4.0/stm32cubeide/plugins/com.st.stm32cube.ide.mcu.externaltools.gnu-tools-for-stm32.7-2018-q2-update.win32_1.4.0.202007081208/tools/bin/../lib/gcc/arm-none-eabi/7.3.1/../../../../arm-none-eabi/lib/thumb/v7-m\libc_nano.a(lib_a-memcmp.o)
 .debug_frame   0x0000000000000058       0x20 d:/st/stm32cubeide_1.4.0/stm32cubeide/plugins/com.st.stm32cube.ide.mcu.externaltools.gnu-tools-for-stm32.7-2018-q2-update.win32_1.4.0.202007081208/tools/bin/../lib/gcc/arm-none-eabi/7.3.1/../../../../arm-none-eabi/lib/thumb/v7-m\libc_nano.a(lib_a-memset.o)
