Archive member included to satisfy reference by file (symbol)

d:/st/stm32cubeide_1.4.0/stm32cubeide/plugins/com.st.stm32cube.ide.mcu.externaltools.gnu-tools-for-stm32.7-2018-q2-update.win32_1.4.0.202007081208/tools/bin/../lib/gcc/arm-none-eabi/7.3.1/../../../../arm-none-eabi/lib/thumb/v7-m\libc_nano.a(lib_a-errno.o)
                              Src/syscalls.o (__errno)
d:/st/stm32cubeide_1.4.0/stm32cubeide/plugins/com.st.stm32cube.ide.mcu.externaltools.gnu-tools-for-stm32.7-2018-q2-update.win32_1.4.0.202007081208/tools/bin/../lib/gcc/arm-none-eabi/7.3.1/../../../../arm-none-eabi/lib/thumb/v7-m\libc_nano.a(lib_a-exit.o)
                              d:/st/stm32cubeide_1.4.0/stm32cubeide/plugins/com.st.stm32cube.ide.mcu.externaltools.gnu-tools-for-stm32.7-2018-q2-update.win32_1.4.0.202007081208/tools/bin/../lib/gcc/arm-none-eabi/7.3.1/../../../../arm-none-eabi/lib/thumb/v7-m/crt0.o (exit)
d:/st/stm32cubeide_1.4.0/stm32cubeide/plugins/com.st.stm32cube.ide.mcu.externaltools.gnu-tools-for-stm32.7-2018-q2-update.win32_1.4.0.202007081208/tools/bin/../lib/gcc/arm-none-eabi/7.3.1/../../../../arm-none-eabi/lib/thumb/v7-m\libc_nano.a(lib_a-impure.o)
                              d:/st/stm32cubeide_1.4.0/stm32cubeide/plugins/com.st.stm32cube.ide.mcu.externaltools.gnu-tools-for-stm32.7-2018-q2-update.win32_1.4.0.202007081208/tools/bin/../lib/gcc/arm-none-eabi/7.3.1/../../../../arm-none-eabi/lib/thumb/v7-m\libc_nano.a(lib_a-exit.o) (_global_impure_ptr)
d:/st/stm32cubeide_1.4.0/stm32cubeide/plugins/com.st.stm32cube.ide.mcu.externaltools.gnu-tools-for-stm32.7-2018-q2-update.win32_1.4.0.202007081208/tools/bin/../lib/gcc/arm-none-eabi/7.3.1/../../../../arm-none-eabi/lib/thumb/v7-m\libc_nano.a(lib_a-init.o)
                              d:/st/stm32cubeide_1.4.0/stm32cubeide/plugins/com.st.stm32cube.ide.mcu.externaltools.gnu-tools-for-stm32.7-2018-q2-update.win32_1.4.0.202007081208/tools/bin/../lib/gcc/arm-none-eabi/7.3.1/../../../../arm-none-eabi/lib/thumb/v7-m/crt0.o (__libc_init_array)
d:/st/stm32cubeide_1.4.0/stm32cubeide/plugins/com.st.stm32cube.ide.mcu.externaltools.gnu-tools-for-stm32.7-2018-q2-update.win32_1.4.0.202007081208/tools/bin/../lib/gcc/arm-none-eabi/7.3.1/../../../../arm-none-eabi/lib/thumb/v7-m\libc_nano.a(lib_a-memcmp.o)
                              Src/FAT16.o (memcmp)
d:/st/stm32cubeide_1.4.0/stm32cubeide/plugins/com.st.stm32cube.ide.mcu.externaltools.gnu-tools-for-stm32.7-2018-q2-update.win32_1.4.0.202007081208/tools/bin/../lib/gcc/arm-none-eabi/7.3.1/../../../../arm-none-eabi/lib/thumb/v7-m\libc_nano.a(lib_a-memset.o)
                              d:/st/stm32cubeide_1.4.0/stm32cubeide/plugins/com.st.stm32cube.ide.mcu.externaltools.gnu-tools-for-stm32.7-2018-q2-update.win32_1.4.0.202007081208/tools/bin/../lib/gcc/arm-none-eabi/7.3.1/../../../../arm-none-eabi/lib/thumb/v7-m/crt0.o (memset)
d:/st/stm32cubeide_1.4.0/stm32cubeide/plugins/com.st.stm32cube.ide.mcu.externaltools.gnu-tools-for-stm32.7-2018-q2-update.win32_1.4.0.202007081208/tools/bin/../lib/gcc/arm-none-eabi/7.3.1/../../../../arm-none-eabi/lib/thumb/v7-m\libc_nano.a(lib_a-strlen.o)
                              Src/FAT16.o (strlen)

Allocating common symbols
Common symbol       size              file

SaveRState          0x2               USB_Core/usb_int.o
CBW                 0x20              USB_Config/usb_bot.o
SaveState           0x2               USB_Core/usb_init.o
Block_offset        0x4               USB_Config/memory.o
Idx                 0x4               USB_Config/memory.o
wIstr               0x2               USB_Config/usb_istr.o
pProperty           0x4               USB_Core/usb_init.o
EPindex             0x1               USB_Core/usb_init.o
FileAttr            0x20              Src/FAT16.o
Data_Len            0x2               USB_Config/usb_bot.o
Bot_State           0x1               USB_Config/usb_bot.o
SCSI_LBA            0x4               USB_Config/usb_bot.o
SaveTState          0x2               USB_Core/usb_int.o
Device_Info         0x1c              USB_Core/usb_init.o
pUser_Standard_Requests
                    0x4               USB_Core/usb_init.o
Mass_Memory_Size    0x4               USB_Config/mass_mal.o
CSW                 0x10              USB_Config/usb_bot.o
SCSI_BlkLen         0x4               USB_Config/usb_bot.o
StatusInfo          0x2               USB_Core/usb_core.o
pInformation        0x4               USB_Core/usb_init.o
ResumeS             0x2               USB_Config/usb_pwr.o
Bulk_Data_Buff      0x40              USB_Config/usb_bot.o
Mass_Block_Size     0x4               USB_Config/mass_mal.o
STMFLASH_BUF        0x400             Src/stmflash.o
Mass_Block_Count    0x4               USB_Config/mass_mal.o
Data_Buffer         0x800             USB_Config/memory.o
wInterrupt_Mask     0x2               USB_Core/usb_init.o

Discarded input sections

[...]
Memory Configuration

Name             Origin             Length             Attributes
RAM              0x0000000020000000 0x0000000000005000 xrw
ROM              0x0000000008000000 0x0000000000010000 xr
*default*        0x0000000000000000 0xffffffffffffffff

Linker script and memory map

LOAD d:/st/stm32cubeide_1.4.0/stm32cubeide/plugins/com.st.stm32cube.ide.mcu.externaltools.gnu-tools-for-stm32.7-2018-q2-update.win32_1.4.0.202007081208/tools/bin/../lib/gcc/arm-none-eabi/7.3.1/thumb/v7-m/crti.o
LOAD d:/st/stm32cubeide_1.4.0/stm32cubeide/plugins/com.st.stm32cube.ide.mcu.externaltools.gnu-tools-for-stm32.7-2018-q2-update.win32_1.4.0.202007081208/tools/bin/../lib/gcc/arm-none-eabi/7.3.1/thumb/v7-m/crtbegin.o
LOAD d:/st/stm32cubeide_1.4.0/stm32cubeide/plugins/com.st.stm32cube.ide.mcu.externaltools.gnu-tools-for-stm32.7-2018-q2-update.win32_1.4.0.202007081208/tools/bin/../lib/gcc/arm-none-eabi/7.3.1/../../../../arm-none-eabi/lib/thumb/v7-m/crt0.o
LOAD CMSIS/system_stm32f10x.o
LOAD Drivers/StdPeriph_Driver/src/misc.o
LOAD Drivers/StdPeriph_Driver/src/stm32f10x_adc.o
LOAD Drivers/StdPeriph_Driver/src/stm32f10x_bkp.o
LOAD Drivers/StdPeriph_Driver/src/stm32f10x_can.o
LOAD Drivers/StdPeriph_Driver/src/stm32f10x_cec.o
LOAD Drivers/StdPeriph_Driver/src/stm32f10x_crc.o
LOAD Drivers/StdPeriph_Driver/src/stm32f10x_dac.o
LOAD Drivers/StdPeriph_Driver/src/stm32f10x_dbgmcu.o
LOAD Drivers/StdPeriph_Driver/src/stm32f10x_dma.o
LOAD Drivers/StdPeriph_Driver/src/stm32f10x_exti.o
LOAD Drivers/StdPeriph_Driver/src/stm32f10x_flash.o
LOAD Drivers/StdPeriph_Driver/src/stm32f10x_fsmc.o
LOAD Drivers/StdPeriph_Driver/src/stm32f10x_gpio.o
LOAD Drivers/StdPeriph_Driver/src/stm32f10x_i2c.o
LOAD Drivers/StdPeriph_Driver/src/stm32f10x_iwdg.o
LOAD Drivers/StdPeriph_Driver/src/stm32f10x_pwr.o
LOAD Drivers/StdPeriph_Driver/src/stm32f10x_rcc.o
LOAD Drivers/StdPeriph_Driver/src/stm32f10x_rtc.o
LOAD Drivers/StdPeriph_Driver/src/stm32f10x_sdio.o
LOAD Drivers/StdPeriph_Driver/src/stm32f10x_spi.o
LOAD Drivers/StdPeriph_Driver/src/stm32f10x_tim.o
LOAD Drivers/StdPeriph_Driver/src/stm32f10x_usart.o
LOAD Drivers/StdPeriph_Driver/src/stm32f10x_wwdg.o
LOAD Src/FAT16.o
LOAD Src/delay.o
LOAD Src/key.o
LOAD Src/main.o
LOAD Src/stm32f10x_it.o
LOAD Src/stmflash.o
LOAD Src/syscalls.o
LOAD Src/sysmem.o
LOAD Startup/startup_stm32f103c8tx.o
LOAD USB_Config/hw_config.o
LOAD USB_Config/mass_mal.o
LOAD USB_Config/memory.o
LOAD USB_Config/scsi_data.o
LOAD USB_Config/usb_bot.o
LOAD USB_Config/usb_desc.o
LOAD USB_Config/usb_endp.o
LOAD USB_Config/usb_istr.o
LOAD USB_Config/usb_prop.o
LOAD USB_Config/usb_pwr.o
LOAD USB_Config/usb_scsi.o
LOAD USB_Core/usb_core.o
LOAD USB_Core/usb_init.o
LOAD USB_Core/usb_int.o
LOAD USB_Core/usb_mem.o
LOAD USB_Core/usb_regs.o
START GROUP
LOAD d:/st/stm32cubeide_1.4.0/stm32cubeide/plugins/com.st.stm32cube.ide.mcu.externaltools.gnu-tools-for-stm32.7-2018-q2-update.win32_1.4.0.202007081208/tools/bin/../lib/gcc/arm-none-eabi/7.3.1/../../../../arm-none-eabi/lib/thumb/v7-m\libc_nano.a
LOAD d:/st/stm32cubeide_1.4.0/stm32cubeide/plugins/com.st.stm32cube.ide.mcu.externaltools.gnu-tools-for-stm32.7-2018-q2-update.win32_1.4.0.202007081208/tools/bin/../lib/gcc/arm-none-eabi/7.3.1/../../../../arm-none-eabi/lib/thumb/v7-m\libm.a
END GROUP
START GROUP
LOAD d:/st/stm32cubeide_1.4.0/stm32cubeide/plugins/com.st.stm32cube.ide.mcu.externaltools.gnu-tools-for-stm32.7-2018-q2-update.win32_1.4.0.202007081208/tools/bin/../lib/gcc/arm-none-eabi/7.3.1/thumb/v7-m\libgcc.a
LOAD d:/st/stm32cubeide_1.4.0/stm32cubeide/plugins/com.st.stm32cube.ide.mcu.externaltools.gnu-tools-for-stm32.7-2018-q2-update.win32_1.4.0.202007081208/tools/bin/../lib/gcc/arm-none-eabi/7.3.1/../../../../arm-none-eabi/lib/thumb/v7-m\libc_nano.a
END GROUP
START GROUP
LOAD d:/st/stm32cubeide_1.4.0/stm32cubeide/plugins/com.st.stm32cube.ide.mcu.externaltools.gnu-tools-for-stm32.7-2018-q2-update.win32_1.4.0.202007081208/tools/bin/../lib/gcc/arm-none-eabi/7.3.1/thumb/v7-m\libgcc.a
LOAD d:/st/stm32cubeide_1.4.0/stm32cubeide/plugins/com.st.stm32cube.ide.mcu.externaltools.gnu-tools-for-stm32.7-2018-q2-update.win32_1.4.0.202007081208/tools/bin/../lib/gcc/arm-none-eabi/7.3.1/../../../../arm-none-eabi/lib/thumb/v7-m\libc_nano.a
LOAD d:/st/stm32cubeide_1.4.0/stm32cubeide/plugins/com.st.stm32cube.ide.mcu.externaltools.gnu-tools-for-stm32.7-2018-q2-update.win32_1.4.0.202007081208/tools/bin/../lib/gcc/arm-none-eabi/7.3.1/../../../../arm-none-eabi/lib/thumb/v7-m\libnosys.a
END GROUP
START GROUP
LOAD d:/st/stm32cubeide_1.4.0/stm32cubeide/plugins/com.st.stm32cube.ide.mcu.externaltools.gnu-tools-for-stm32.7-2018-q2-update.win32_1.4.0.202007081208/tools/bin/../lib/gcc/arm-none-eabi/7.3.1/thumb/v7-m\libgcc.a
LOAD d:/st/stm32cubeide_1.4.0/stm32cubeide/plugins/com.st.stm32cube.ide.mcu.externaltools.gnu-tools-for-stm32.7-2018-q2-update.win32_1.4.0.202007081208/tools/bin/../lib/gcc/arm-none-eabi/7.3.1/../../../../arm-none-eabi/lib/thumb/v7-m\libc_nano.a
LOAD d:/st/stm32cubeide_1.4.0/stm32cubeide/plugins/com.st.stm32cube.ide.mcu.externaltools.gnu-tools-for-stm32.7-2018-q2-update.win32_1.4.0.202007081208/tools/bin/../lib/gcc/arm-none-eabi/7.3.1/../../../../arm-none-eabi/lib/thumb/v7-m\libnosys.a
END GROUP
LOAD d:/st/stm32cubeide_1.4.0/stm32cubeide/plugins/com.st.stm32cube.ide.mcu.externaltools.gnu-tools-for-stm32.7-2018-q2-update.win32_1.4.0.202007081208/tools/bin/../lib/gcc/arm-none-eabi/7.3.1/thumb/v7-m/crtend.o
LOAD d:/st/stm32cubeide_1.4.0/stm32cubeide/plugins/com.st.stm32cube.ide.mcu.externaltools.gnu-tools-for-stm32.7-2018-q2-update.win32_1.4.0.202007081208/tools/bin/../lib/gcc/arm-none-eabi/7.3.1/thumb/v7-m/crtn.o
                0x0000000020005000                _estack = (ORIGIN (RAM) + LENGTH (RAM))
                0x0000000000000200                _Min_Heap_Size = 0x200
                0x0000000000000400                _Min_Stack_Size = 0x400

.isr_vector     0x0000000008000000      0x130
                0x0000000008000000                . = ALIGN (0x4)
 *(.isr_vector)
 .isr_vector    0x0000000008000000      0x130 Startup/startup_stm32f103c8tx.o
                0x0000000008000000                g_pfnVectors
                0x0000000008000130                . = ALIGN (0x4)

.text           0x0000000008000130     0x2760
                0x0000000008000130                . = ALIGN (0x4)
 *(.text)
 .text          0x0000000008000130       0x40 d:/st/stm32cubeide_1.4.0/stm32cubeide/plugins/com.st.stm32cube.ide.mcu.externaltools.gnu-tools-for-stm32.7-2018-q2-update.win32_1.4.0.202007081208/tools/bin/../lib/gcc/arm-none-eabi/7.3.1/thumb/v7-m/crtbegin.o
 .text          0x0000000008000170       0x10 d:/st/stm32cubeide_1.4.0/stm32cubeide/plugins/com.st.stm32cube.ide.mcu.externaltools.gnu-tools-for-stm32.7-2018-q2-update.win32_1.4.0.202007081208/tools/bin/../lib/gcc/arm-none-eabi/7.3.1/../../../../arm-none-eabi/lib/thumb/v7-m\libc_nano.a(lib_a-strlen.o)
                0x0000000008000170                strlen
 *(.text*)
 .text.SystemInit
                0x0000000008000180       0xf0 CMSIS/system_stm32f10x.o
                0x0000000008000180                SystemInit
 .text.NVIC_PriorityGroupConfig
                0x0000000008000270       0x14 Drivers/StdPeriph_Driver/src/misc.o
                0x0000000008000270                NVIC_PriorityGroupConfig
 .text.NVIC_Init
                0x0000000008000284       0x58 Drivers/StdPeriph_Driver/src/misc.o
                0x0000000008000284                NVIC_Init
 .text.NVIC_SetVectorTable
                0x00000000080002dc       0x14 Drivers/StdPeriph_Driver/src/misc.o
                0x00000000080002dc                NVIC_SetVectorTable
 .text.BKP_TamperPinCmd
                0x00000000080002f0        0xc Drivers/StdPeriph_Driver/src/stm32f10x_bkp.o
                0x00000000080002f0                BKP_TamperPinCmd
 .text.EXTI_Init
                0x00000000080002fc       0x68 Drivers/StdPeriph_Driver/src/stm32f10x_exti.o
                0x00000000080002fc                EXTI_Init
 .text.EXTI_ClearITPendingBit
                0x0000000008000364        0xc Drivers/StdPeriph_Driver/src/stm32f10x_exti.o
                0x0000000008000364                EXTI_ClearITPendingBit
 .text.FLASH_Unlock
                0x0000000008000370       0x18 Drivers/StdPeriph_Driver/src/stm32f10x_flash.o
                0x0000000008000370                FLASH_Unlock
 .text.FLASH_Lock
                0x0000000008000388       0x10 Drivers/StdPeriph_Driver/src/stm32f10x_flash.o
                0x0000000008000388                FLASH_Lock
 .text.FLASH_GetBank1Status
                0x0000000008000398       0x28 Drivers/StdPeriph_Driver/src/stm32f10x_flash.o
                0x0000000008000398                FLASH_GetBank1Status
 .text.FLASH_WaitForLastOperation
                0x00000000080003c0       0x22 Drivers/StdPeriph_Driver/src/stm32f10x_flash.o
                0x00000000080003c0                FLASH_WaitForLastOperation
 *fill*         0x00000000080003e2        0x2 
 .text.FLASH_ErasePage
                0x00000000080003e4       0x40 Drivers/StdPeriph_Driver/src/stm32f10x_flash.o
                0x00000000080003e4                FLASH_ErasePage
 .text.FLASH_ProgramHalfWord
                0x0000000008000424       0x38 Drivers/StdPeriph_Driver/src/stm32f10x_flash.o
                0x0000000008000424                FLASH_ProgramHalfWord
 .text.GPIO_Init
                0x000000000800045c       0xa6 Drivers/StdPeriph_Driver/src/stm32f10x_gpio.o
                0x000000000800045c                GPIO_Init
 .text.GPIO_ReadInputDataBit
                0x0000000008000502        0xc Drivers/StdPeriph_Driver/src/stm32f10x_gpio.o
                0x0000000008000502                GPIO_ReadInputDataBit
 .text.GPIO_SetBits
                0x000000000800050e        0x4 Drivers/StdPeriph_Driver/src/stm32f10x_gpio.o
                0x000000000800050e                GPIO_SetBits
 .text.GPIO_ResetBits
                0x0000000008000512        0x4 Drivers/StdPeriph_Driver/src/stm32f10x_gpio.o
                0x0000000008000512                GPIO_ResetBits
 *fill*         0x0000000008000516        0x2 
 .text.GPIO_PinRemapConfig
                0x0000000008000518       0x60 Drivers/StdPeriph_Driver/src/stm32f10x_gpio.o
                0x0000000008000518                GPIO_PinRemapConfig
 .text.PWR_BackupAccessCmd
                0x0000000008000578        0xc Drivers/StdPeriph_Driver/src/stm32f10x_pwr.o
                0x0000000008000578                PWR_BackupAccessCmd
 .text.RCC_USBCLKConfig
                0x0000000008000584        0xc Drivers/StdPeriph_Driver/src/stm32f10x_rcc.o
                0x0000000008000584                RCC_USBCLKConfig
 .text.RCC_LSEConfig
                0x0000000008000590       0x20 Drivers/StdPeriph_Driver/src/stm32f10x_rcc.o
                0x0000000008000590                RCC_LSEConfig
 .text.RCC_GetClocksFreq
                0x00000000080005b0       0x84 Drivers/StdPeriph_Driver/src/stm32f10x_rcc.o
                0x00000000080005b0                RCC_GetClocksFreq
 .text.RCC_APB2PeriphClockCmd
                0x0000000008000634       0x18 Drivers/StdPeriph_Driver/src/stm32f10x_rcc.o
                0x0000000008000634                RCC_APB2PeriphClockCmd
 .text.RCC_APB1PeriphClockCmd
                0x000000000800064c       0x18 Drivers/StdPeriph_Driver/src/stm32f10x_rcc.o
                0x000000000800064c                RCC_APB1PeriphClockCmd
 .text.USART_Init
                0x0000000008000664       0xa0 Drivers/StdPeriph_Driver/src/stm32f10x_usart.o
                0x0000000008000664                USART_Init
 .text.USART_Cmd
                0x0000000008000704       0x16 Drivers/StdPeriph_Driver/src/stm32f10x_usart.o
                0x0000000008000704                USART_Cmd
 *fill*         0x000000000800071a        0x2 
 .text.FATReadLBA
                0x000000000800071c       0xc0 Src/FAT16.o
                0x000000000800071c                FATReadLBA
 .text.FAT_RootDirWriteRequest
                0x00000000080007dc       0x4c Src/FAT16.o
                0x00000000080007dc                FAT_RootDirWriteRequest
 .text.FATSetStatusFileName
                0x0000000008000828       0x38 Src/FAT16.o
                0x0000000008000828                FATSetStatusFileName
 .text.FAT_DataSectorWriteRequest
                0x0000000008000860      0x230 Src/FAT16.o
                0x0000000008000860                FAT_DataSectorWriteRequest
 .text.FATWriteLBA
                0x0000000008000a90       0x3c Src/FAT16.o
                0x0000000008000a90                FATWriteLBA
 .text.Delayms  0x0000000008000acc       0x50 Src/delay.o
                0x0000000008000acc                Delayms
 .text.TimingDelay_Decrement
                0x0000000008000b1c       0x14 Src/delay.o
                0x0000000008000b1c                TimingDelay_Decrement
 .text.SysTick_Handler
                0x0000000008000b30        0x4 Src/delay.o
                0x0000000008000b30                SysTick_Handler
 .text.Key_GPIO_Config
                0x0000000008000b34       0x48 Src/key.o
                0x0000000008000b34                Key_GPIO_Config
 .text.Key_Scan
                0x0000000008000b7c       0x30 Src/key.o
                0x0000000008000b7c                Key_Scan
 .text.Jump     0x0000000008000bac       0x3a Src/main.o
                0x0000000008000bac                Jump
 *fill*         0x0000000008000be6        0x2 
 .text.reset_usb
                0x0000000008000be8       0x38 Src/main.o
                0x0000000008000be8                reset_usb
 .text.init_usb
                0x0000000008000c20       0x1a Src/main.o
                0x0000000008000c20                init_usb
 *fill*         0x0000000008000c3a        0x2 
 .text.Leds_init
                0x0000000008000c3c       0x5c Src/main.o
                0x0000000008000c3c                Leds_init
 .text.Led_Off  0x0000000008000c98       0x20 Src/main.o
                0x0000000008000c98                Led_Off
 .text.Led_On   0x0000000008000cb8       0x20 Src/main.o
                0x0000000008000cb8                Led_On
 .text.Usart1_Init
                0x0000000008000cd8       0x80 Src/main.o
                0x0000000008000cd8                Usart1_Init
 .text.Usart_SendData
                0x0000000008000d58       0x24 Src/main.o
                0x0000000008000d58                Usart_SendData
 .text.startup.main
                0x0000000008000d7c       0x9c Src/main.o
                0x0000000008000d7c                main
 .text.NMI_Handler
                0x0000000008000e18        0x2 Src/stm32f10x_it.o
                0x0000000008000e18                NMI_Handler
 .text.HardFault_Handler
                0x0000000008000e1a        0x2 Src/stm32f10x_it.o
                0x0000000008000e1a                HardFault_Handler
 .text.MemManage_Handler
                0x0000000008000e1c        0x2 Src/stm32f10x_it.o
                0x0000000008000e1c                MemManage_Handler
 .text.BusFault_Handler
                0x0000000008000e1e        0x2 Src/stm32f10x_it.o
                0x0000000008000e1e                BusFault_Handler
 .text.UsageFault_Handler
                0x0000000008000e20        0x2 Src/stm32f10x_it.o
                0x0000000008000e20                UsageFault_Handler
 .text.SVC_Handler
                0x0000000008000e22        0x2 Src/stm32f10x_it.o
                0x0000000008000e22                SVC_Handler
 .text.DebugMon_Handler
                0x0000000008000e24        0x2 Src/stm32f10x_it.o
                0x0000000008000e24                DebugMon_Handler
 .text.PendSV_Handler
                0x0000000008000e26        0x2 Src/stm32f10x_it.o
                0x0000000008000e26                PendSV_Handler
 .text.USB_HP_CAN_TX_IRQHandler
                0x0000000008000e28        0x2 Src/stm32f10x_it.o
                0x0000000008000e28                USB_HP_CAN_TX_IRQHandler
 .text.USB_LP_CAN_RX0_IRQHandler
                0x0000000008000e2a        0x4 Src/stm32f10x_it.o
                0x0000000008000e2a                USB_LP_CAN_RX0_IRQHandler
 .text.STMFLASH_Write_NoCheck
                0x0000000008000e2e       0x1e Src/stmflash.o
                0x0000000008000e2e                STMFLASH_Write_NoCheck
 .text.STMFLASH_Read
                0x0000000008000e4c       0x34 Src/stmflash.o
                0x0000000008000e4c                STMFLASH_Read
 .text.STMFLASH_Write
                0x0000000008000e80       0x98 Src/stmflash.o
                0x0000000008000e80                STMFLASH_Write
 .text.Reset_Handler
                0x0000000008000f18       0x50 Startup/startup_stm32f103c8tx.o
                0x0000000008000f18                Reset_Handler
 .text.Default_Handler
                0x0000000008000f68        0x2 Startup/startup_stm32f103c8tx.o
                0x0000000008000f68                EXTI2_IRQHandler
                0x0000000008000f68                TIM8_TRG_COM_IRQHandler
                0x0000000008000f68                TIM8_CC_IRQHandler
                0x0000000008000f68                TIM1_CC_IRQHandler
                0x0000000008000f68                TIM6_IRQHandler
                0x0000000008000f68                PVD_IRQHandler
                0x0000000008000f68                SDIO_IRQHandler
                0x0000000008000f68                EXTI3_IRQHandler
                0x0000000008000f68                EXTI0_IRQHandler
                0x0000000008000f68                I2C2_EV_IRQHandler
                0x0000000008000f68                ADC1_2_IRQHandler
                0x0000000008000f68                SPI1_IRQHandler
                0x0000000008000f68                CAN_SCE_IRQHandler
                0x0000000008000f68                TAMPER_IRQHandler
                0x0000000008000f68                TIM8_UP_IRQHandler
                0x0000000008000f68                DMA2_Channel2_IRQHandler
                0x0000000008000f68                DMA1_Channel4_IRQHandler
                0x0000000008000f68                USART3_IRQHandler
                0x0000000008000f68                RTC_IRQHandler
                0x0000000008000f68                DMA1_Channel7_IRQHandler
                0x0000000008000f68                UART5_IRQHandler
                0x0000000008000f68                ADC3_IRQHandler
                0x0000000008000f68                TIM4_IRQHandler
                0x0000000008000f68                CAN_RX1_IRQHandler
                0x0000000008000f68                DMA2_Channel1_IRQHandler
                0x0000000008000f68                I2C1_EV_IRQHandler
                0x0000000008000f68                DMA1_Channel6_IRQHandler
                0x0000000008000f68                UART4_IRQHandler
                0x0000000008000f68                TIM3_IRQHandler
                0x0000000008000f68                RCC_IRQHandler
                0x0000000008000f68                TIM1_TRG_COM_IRQHandler
                0x0000000008000f68                DMA1_Channel1_IRQHandler
                0x0000000008000f68                Default_Handler
                0x0000000008000f68                EXTI15_10_IRQHandler
                0x0000000008000f68                TIM7_IRQHandler
                0x0000000008000f68                TIM5_IRQHandler
                0x0000000008000f68                EXTI9_5_IRQHandler
                0x0000000008000f68                SPI2_IRQHandler
                0x0000000008000f68                DMA1_Channel5_IRQHandler
                0x0000000008000f68                EXTI4_IRQHandler
                0x0000000008000f68                DMA1_Channel3_IRQHandler
                0x0000000008000f68                FSMC_IRQHandler
                0x0000000008000f68                TIM1_UP_IRQHandler
                0x0000000008000f68                WWDG_IRQHandler
                0x0000000008000f68                TIM2_IRQHandler
                0x0000000008000f68                TIM1_BRK_IRQHandler
                0x0000000008000f68                EXTI1_IRQHandler
                0x0000000008000f68                RTCAlarm_IRQHandler
                0x0000000008000f68                DMA2_Channel4_5_IRQHandler
                0x0000000008000f68                USART2_IRQHandler
                0x0000000008000f68                I2C2_ER_IRQHandler
                0x0000000008000f68                DMA1_Channel2_IRQHandler
                0x0000000008000f68                TIM8_BRK_IRQHandler
                0x0000000008000f68                FLASH_IRQHandler
                0x0000000008000f68                USART1_IRQHandler
                0x0000000008000f68                SPI3_IRQHandler
                0x0000000008000f68                I2C1_ER_IRQHandler
                0x0000000008000f68                DMA2_Channel3_IRQHandler
 .text.Set_USBClock
                0x0000000008000f6a       0x16 USB_Config/hw_config.o
                0x0000000008000f6a                Set_USBClock
 .text.USB_Interrupts_Config
                0x0000000008000f80       0x54 USB_Config/hw_config.o
                0x0000000008000f80                USB_Interrupts_Config
 .text.Led_RW_ON
                0x0000000008000fd4        0x2 USB_Config/hw_config.o
                0x0000000008000fd4                Led_RW_ON
 .text.Led_RW_OFF
                0x0000000008000fd6        0x2 USB_Config/hw_config.o
                0x0000000008000fd6                Led_RW_OFF
 .text.USB_NotConfigured_LED
                0x0000000008000fd8        0x2 USB_Config/hw_config.o
                0x0000000008000fd8                USB_NotConfigured_LED
 .text.USB_Cable_Config
                0x0000000008000fda        0x2 USB_Config/hw_config.o
                0x0000000008000fda                USB_Cable_Config
 .text.Get_SerialNum
                0x0000000008000fdc       0x44 USB_Config/hw_config.o
                0x0000000008000fdc                Get_SerialNum
 .text.MAL_Write
                0x0000000008001020       0x1a USB_Config/mass_mal.o
                0x0000000008001020                MAL_Write
 .text.MAL_Read
                0x000000000800103a       0x1a USB_Config/mass_mal.o
                0x000000000800103a                MAL_Read
 .text.MAL_GetStatus
                0x0000000008001054       0x2c USB_Config/mass_mal.o
                0x0000000008001054                MAL_GetStatus
 .text.Read_Memory
                0x0000000008001080      0x10c USB_Config/memory.o
                0x0000000008001080                Read_Memory
 .text.Write_Memory
                0x000000000800118c      0x110 USB_Config/memory.o
                0x000000000800118c                Write_Memory
 .text.Bot_Abort.part.1
                0x000000000800129c       0x18 USB_Config/usb_bot.o
 .text.Transfer_Data_Request
                0x00000000080012b4       0x38 USB_Config/usb_bot.o
                0x00000000080012b4                Transfer_Data_Request
 .text.Set_CSW  0x00000000080012ec       0x44 USB_Config/usb_bot.o
                0x00000000080012ec                Set_CSW
 .text.Mass_Storage_In
                0x0000000008001330       0x70 USB_Config/usb_bot.o
                0x0000000008001330                Mass_Storage_In
 .text.CBW_Decode
                0x00000000080013a0      0x198 USB_Config/usb_bot.o
                0x00000000080013a0                CBW_Decode
 .text.Bot_Abort
                0x0000000008001538       0x22 USB_Config/usb_bot.o
                0x0000000008001538                Bot_Abort
 *fill*         0x000000000800155a        0x2 
 .text.Mass_Storage_Out
                0x000000000800155c       0x90 USB_Config/usb_bot.o
                0x000000000800155c                Mass_Storage_Out
 .text.EP1_IN_Callback
                0x00000000080015ec        0x4 USB_Config/usb_endp.o
                0x00000000080015ec                EP1_IN_Callback
 .text.EP2_OUT_Callback
                0x00000000080015f0        0x4 USB_Config/usb_endp.o
                0x00000000080015f0                EP2_OUT_Callback
 .text.USB_Istr
                0x00000000080015f4       0x4c USB_Config/usb_istr.o
                0x00000000080015f4                USB_Istr
 .text.Mass_Storage_SetDeviceAddress
                0x0000000008001640        0xc USB_Config/usb_prop.o
                0x0000000008001640                Mass_Storage_SetDeviceAddress
 .text.MASS_Status_In
                0x000000000800164c        0x2 USB_Config/usb_prop.o
                0x000000000800164c                MASS_Status_In
 .text.MASS_Get_Interface_Setting
                0x000000000800164e       0x10 USB_Config/usb_prop.o
                0x000000000800164e                MASS_Get_Interface_Setting
 *fill*         0x000000000800165e        0x2 
 .text.Get_Max_Lun
                0x0000000008001660       0x18 USB_Config/usb_prop.o
                0x0000000008001660                Get_Max_Lun
 .text.MASS_init
                0x0000000008001678       0x3c USB_Config/usb_prop.o
                0x0000000008001678                MASS_init
 .text.MASS_Reset
                0x00000000080016b4       0xec USB_Config/usb_prop.o
                0x00000000080016b4                MASS_Reset
 .text.Mass_Storage_ClearFeature
                0x00000000080017a0       0x1c USB_Config/usb_prop.o
                0x00000000080017a0                Mass_Storage_ClearFeature
 .text.MASS_GetDeviceDescriptor
                0x00000000080017bc        0xc USB_Config/usb_prop.o
                0x00000000080017bc                MASS_GetDeviceDescriptor
 .text.MASS_GetConfigDescriptor
                0x00000000080017c8        0xc USB_Config/usb_prop.o
                0x00000000080017c8                MASS_GetConfigDescriptor
 .text.MASS_GetStringDescriptor
                0x00000000080017d4       0x20 USB_Config/usb_prop.o
                0x00000000080017d4                MASS_GetStringDescriptor
 .text.Mass_Storage_SetConfiguration
                0x00000000080017f4       0x30 USB_Config/usb_prop.o
                0x00000000080017f4                Mass_Storage_SetConfiguration
 .text.MASS_NoData_Setup
                0x0000000008001824       0x4c USB_Config/usb_prop.o
                0x0000000008001824                MASS_NoData_Setup
 .text.MASS_Status_Out
                0x0000000008001870        0x2 USB_Config/usb_prop.o
                0x0000000008001870                MASS_Status_Out
 *fill*         0x0000000008001872        0x2 
 .text.MASS_Data_Setup
                0x0000000008001874       0x34 USB_Config/usb_prop.o
                0x0000000008001874                MASS_Data_Setup
 .text.PowerOn  0x00000000080018a8       0x30 USB_Config/usb_pwr.o
                0x00000000080018a8                PowerOn
 .text.SCSI_Inquiry_Cmd
                0x00000000080018d8       0x2c USB_Config/usb_scsi.o
                0x00000000080018d8                SCSI_Inquiry_Cmd
 .text.SCSI_ReadFormatCapacity_Cmd
                0x0000000008001904       0x68 USB_Config/usb_scsi.o
                0x0000000008001904                SCSI_ReadFormatCapacity_Cmd
 .text.SCSI_ReadCapacity10_Cmd
                0x000000000800196c       0x6c USB_Config/usb_scsi.o
                0x000000000800196c                SCSI_ReadCapacity10_Cmd
 .text.SCSI_ModeSense6_Cmd
                0x00000000080019d8        0xc USB_Config/usb_scsi.o
                0x00000000080019d8                SCSI_ModeSense6_Cmd
 .text.SCSI_ModeSense10_Cmd
                0x00000000080019e4        0xc USB_Config/usb_scsi.o
                0x00000000080019e4                SCSI_ModeSense10_Cmd
 .text.SCSI_RequestSense_Cmd
                0x00000000080019f0       0x18 USB_Config/usb_scsi.o
                0x00000000080019f0                SCSI_RequestSense_Cmd
 .text.Set_Scsi_Sense_Data
                0x0000000008001a08        0xc USB_Config/usb_scsi.o
                0x0000000008001a08                Set_Scsi_Sense_Data
 .text.SCSI_Start_Stop_Unit_Cmd
                0x0000000008001a14        0x8 USB_Config/usb_scsi.o
                0x0000000008001a14                SCSI_Start_Stop_Unit_Cmd
 .text.SCSI_Verify10_Cmd
                0x0000000008001a1c       0x38 USB_Config/usb_scsi.o
                0x0000000008001a1c                SCSI_Verify10_Cmd
 .text.SCSI_TestUnitReady_Cmd
                0x0000000008001a54       0x34 USB_Config/usb_scsi.o
                0x0000000008001a54                SCSI_TestUnitReady_Cmd
 .text.SCSI_Format_Cmd
                0x0000000008001a88       0x2c USB_Config/usb_scsi.o
                0x0000000008001a88                SCSI_Format_Cmd
 .text.SCSI_Invalid_Cmd
                0x0000000008001ab4       0x38 USB_Config/usb_scsi.o
                0x0000000008001ab4                SCSI_Invalid_Cmd
 .text.SCSI_Address_Management
                0x0000000008001aec       0x70 USB_Config/usb_scsi.o
                0x0000000008001aec                SCSI_Address_Management
 .text.SCSI_Read10_Cmd
                0x0000000008001b5c       0x6c USB_Config/usb_scsi.o
                0x0000000008001b5c                SCSI_Read10_Cmd
 .text.SCSI_Write10_Cmd
                0x0000000008001bc8       0x68 USB_Config/usb_scsi.o
                0x0000000008001bc8                SCSI_Write10_Cmd
 .text.Standard_GetConfiguration
                0x0000000008001c30       0x24 USB_Core/usb_core.o
                0x0000000008001c30                Standard_GetConfiguration
 .text.Standard_GetInterface
                0x0000000008001c54       0x24 USB_Core/usb_core.o
                0x0000000008001c54                Standard_GetInterface
 .text.Standard_GetStatus
                0x0000000008001c78       0x88 USB_Core/usb_core.o
                0x0000000008001c78                Standard_GetStatus
 .text.DataStageIn
                0x0000000008001d00       0xac USB_Core/usb_core.o
 .text.Standard_SetConfiguration
                0x0000000008001dac       0x38 USB_Core/usb_core.o
                0x0000000008001dac                Standard_SetConfiguration
 .text.Standard_SetInterface
                0x0000000008001de4       0x4c USB_Core/usb_core.o
                0x0000000008001de4                Standard_SetInterface
 .text.Standard_ClearFeature
                0x0000000008001e30       0xc4 USB_Core/usb_core.o
                0x0000000008001e30                Standard_ClearFeature
 .text.Standard_SetEndPointFeature
                0x0000000008001ef4       0x7c USB_Core/usb_core.o
                0x0000000008001ef4                Standard_SetEndPointFeature
 .text.Standard_SetDeviceFeature
                0x0000000008001f70       0x24 USB_Core/usb_core.o
                0x0000000008001f70                Standard_SetDeviceFeature
 .text.Standard_GetDescriptorData
                0x0000000008001f94       0x1c USB_Core/usb_core.o
                0x0000000008001f94                Standard_GetDescriptorData
 .text.Post0_Process
                0x0000000008001fb0       0x40 USB_Core/usb_core.o
                0x0000000008001fb0                Post0_Process
 .text.Setup0_Process
                0x0000000008001ff0      0x2c4 USB_Core/usb_core.o
                0x0000000008001ff0                Setup0_Process
 .text.Out0_Process
                0x00000000080022b4       0xc0 USB_Core/usb_core.o
                0x00000000080022b4                Out0_Process
 .text.SetDeviceAddress
                0x0000000008002374       0x38 USB_Core/usb_core.o
                0x0000000008002374                SetDeviceAddress
 .text.In0_Process
                0x00000000080023ac       0x5c USB_Core/usb_core.o
                0x00000000080023ac                In0_Process
 .text.NOP_Process
                0x0000000008002408        0x2 USB_Core/usb_core.o
                0x0000000008002408                NOP_Process
 *fill*         0x000000000800240a        0x2 
 .text.USB_Init
                0x000000000800240c       0x34 USB_Core/usb_init.o
                0x000000000800240c                USB_Init
 .text.CTR_LP   0x0000000008002440      0x170 USB_Core/usb_int.o
                0x0000000008002440                CTR_LP
 .text.UserToPMABufferCopy
                0x00000000080025b0       0x1e USB_Core/usb_mem.o
                0x00000000080025b0                UserToPMABufferCopy
 .text.PMAToUserBufferCopy
                0x00000000080025ce       0x24 USB_Core/usb_mem.o
                0x00000000080025ce                PMAToUserBufferCopy
 *fill*         0x00000000080025f2        0x2 
 .text.SetBTABLE
                0x00000000080025f4       0x10 USB_Core/usb_regs.o
                0x00000000080025f4                SetBTABLE
 .text.SetEPType
                0x0000000008002604       0x1c USB_Core/usb_regs.o
                0x0000000008002604                SetEPType
 .text.SetEPTxStatus
                0x0000000008002620       0x2a USB_Core/usb_regs.o
                0x0000000008002620                SetEPTxStatus
 .text.SetEPRxStatus
                0x000000000800264a       0x2a USB_Core/usb_regs.o
                0x000000000800264a                SetEPRxStatus
 .text.SetEPRxValid
                0x0000000008002674       0x1e USB_Core/usb_regs.o
                0x0000000008002674                SetEPRxValid
 .text.ClearEP_KIND
                0x0000000008002692       0x1c USB_Core/usb_regs.o
                0x0000000008002692                ClearEP_KIND
 .text.Clear_Status_Out
                0x00000000080026ae        0x4 USB_Core/usb_regs.o
                0x00000000080026ae                Clear_Status_Out
 .text.ClearDTOG_RX
                0x00000000080026b2       0x26 USB_Core/usb_regs.o
                0x00000000080026b2                ClearDTOG_RX
 .text.ClearDTOG_TX
                0x00000000080026d8       0x26 USB_Core/usb_regs.o
                0x00000000080026d8                ClearDTOG_TX
 *fill*         0x00000000080026fe        0x2 
 .text.SetEPTxAddr
                0x0000000008002700       0x20 USB_Core/usb_regs.o
                0x0000000008002700                SetEPTxAddr
 .text.SetEPRxAddr
                0x0000000008002720       0x20 USB_Core/usb_regs.o
                0x0000000008002720                SetEPRxAddr
 .text.GetEPTxAddr
                0x0000000008002740       0x1c USB_Core/usb_regs.o
                0x0000000008002740                GetEPTxAddr
 .text.GetEPRxAddr
                0x000000000800275c       0x1c USB_Core/usb_regs.o
                0x000000000800275c                GetEPRxAddr
 .text.SetEPTxCount
                0x0000000008002778       0x1c USB_Core/usb_regs.o
                0x0000000008002778                SetEPTxCount
 .text.SetEPRxCount
                0x0000000008002794       0x40 USB_Core/usb_regs.o
                0x0000000008002794                SetEPRxCount
 .text.GetEPRxCount
                0x00000000080027d4       0x20 USB_Core/usb_regs.o
                0x00000000080027d4                GetEPRxCount
 .text.ByteSwap
                0x00000000080027f4        0xa USB_Core/usb_regs.o
                0x00000000080027f4                ByteSwap
 *fill*         0x00000000080027fe        0x2 
 .text.__libc_init_array
                0x0000000008002800       0x48 d:/st/stm32cubeide_1.4.0/stm32cubeide/plugins/com.st.stm32cube.ide.mcu.externaltools.gnu-tools-for-stm32.7-2018-q2-update.win32_1.4.0.202007081208/tools/bin/../lib/gcc/arm-none-eabi/7.3.1/../../../../arm-none-eabi/lib/thumb/v7-m\libc_nano.a(lib_a-init.o)
                0x0000000008002800                __libc_init_array
 .text.memcmp   0x0000000008002848       0x1e d:/st/stm32cubeide_1.4.0/stm32cubeide/plugins/com.st.stm32cube.ide.mcu.externaltools.gnu-tools-for-stm32.7-2018-q2-update.win32_1.4.0.202007081208/tools/bin/../lib/gcc/arm-none-eabi/7.3.1/../../../../arm-none-eabi/lib/thumb/v7-m\libc_nano.a(lib_a-memcmp.o)
                0x0000000008002848                memcmp
 .text.memset   0x0000000008002866       0x10 d:/st/stm32cubeide_1.4.0/stm32cubeide/plugins/com.st.stm32cube.ide.mcu.externaltools.gnu-tools-for-stm32.7-2018-q2-update.win32_1.4.0.202007081208/tools/bin/../lib/gcc/arm-none-eabi/7.3.1/../../../../arm-none-eabi/lib/thumb/v7-m\libc_nano.a(lib_a-memset.o)
                0x0000000008002866                memset
 *(.glue_7)
 .glue_7        0x0000000008002876        0x0 linker stubs
 *(.glue_7t)
 .glue_7t       0x0000000008002876        0x0 linker stubs
 *(.eh_frame)
 *fill*         0x0000000008002876        0x2 
 .eh_frame      0x0000000008002878        0x0 d:/st/stm32cubeide_1.4.0/stm32cubeide/plugins/com.st.stm32cube.ide.mcu.externaltools.gnu-tools-for-stm32.7-2018-q2-update.win32_1.4.0.202007081208/tools/bin/../lib/gcc/arm-none-eabi/7.3.1/thumb/v7-m/crtbegin.o
 *(.init)
 .init          0x0000000008002878        0x4 d:/st/stm32cubeide_1.4.0/stm32cubeide/plugins/com.st.stm32cube.ide.mcu.externaltools.gnu-tools-for-stm32.7-2018-q2-update.win32_1.4.0.202007081208/tools/bin/../lib/gcc/arm-none-eabi/7.3.1/thumb/v7-m/crti.o
                0x0000000008002878                _init
 .init          0x000000000800287c        0x8 d:/st/stm32cubeide_1.4.0/stm32cubeide/plugins/com.st.stm32cube.ide.mcu.externaltools.gnu-tools-for-stm32.7-2018-q2-update.win32_1.4.0.202007081208/tools/bin/../lib/gcc/arm-none-eabi/7.3.1/thumb/v7-m/crtn.o
 *(.fini)
 .fini          0x0000000008002884        0x4 d:/st/stm32cubeide_1.4.0/stm32cubeide/plugins/com.st.stm32cube.ide.mcu.externaltools.gnu-tools-for-stm32.7-2018-q2-update.win32_1.4.0.202007081208/tools/bin/../lib/gcc/arm-none-eabi/7.3.1/thumb/v7-m/crti.o
                0x0000000008002884                _fini
 .fini          0x0000000008002888        0x8 d:/st/stm32cubeide_1.4.0/stm32cubeide/plugins/com.st.stm32cube.ide.mcu.externaltools.gnu-tools-for-stm32.7-2018-q2-update.win32_1.4.0.202007081208/tools/bin/../lib/gcc/arm-none-eabi/7.3.1/thumb/v7-m/crtn.o
                0x0000000008002890                . = ALIGN (0x4)
                0x0000000008002890                _etext = .

.vfp11_veneer   0x0000000008002890        0x0
 .vfp11_veneer  0x0000000008002890        0x0 linker stubs

.v4_bx          0x0000000008002890        0x0
 .v4_bx         0x0000000008002890        0x0 linker stubs

.iplt           0x0000000008002890        0x0
 .iplt          0x0000000008002890        0x0 d:/st/stm32cubeide_1.4.0/stm32cubeide/plugins/com.st.stm32cube.ide.mcu.externaltools.gnu-tools-for-stm32.7-2018-q2-update.win32_1.4.0.202007081208/tools/bin/../lib/gcc/arm-none-eabi/7.3.1/thumb/v7-m/crtbegin.o

.rodata         0x0000000008002890      0x100
                0x0000000008002890                . = ALIGN (0x4)
 *(.rodata)
 *(.rodata*)
 .rodata.FAT16_BootSector
                0x0000000008002890       0x3e Src/FAT16.o
                0x0000000008002890                FAT16_BootSector
 .rodata.FAT16_RootDirSector
                0x00000000080028ce       0x2f Src/FAT16.o
                0x00000000080028ce                FAT16_RootDirSector
 .rodata.FAT_DataSectorWriteRequest.str1.1
                0x00000000080028fd       0x10 Src/FAT16.o
 .rodata.MASS_ConfigDescriptor
                0x000000000800290d       0x20 USB_Config/usb_desc.o
                0x000000000800290d                MASS_ConfigDescriptor
 .rodata.MASS_DeviceDescriptor
                0x000000000800292d       0x12 USB_Config/usb_desc.o
                0x000000000800292d                MASS_DeviceDescriptor
 .rodata.MASS_StringInterface
                0x000000000800293f       0x10 USB_Config/usb_desc.o
                0x000000000800293f                MASS_StringInterface
 .rodata.MASS_StringLangID
                0x000000000800294f        0x4 USB_Config/usb_desc.o
                0x000000000800294f                MASS_StringLangID
 .rodata.MASS_StringProduct
                0x0000000008002953       0x26 USB_Config/usb_desc.o
                0x0000000008002953                MASS_StringProduct
 .rodata.MASS_StringVendor
                0x0000000008002979       0x14 USB_Config/usb_desc.o
                0x0000000008002979                MASS_StringVendor
                0x0000000008002990                . = ALIGN (0x4)
 *fill*         0x000000000800298d        0x3 

.rel.dyn        0x0000000008002990        0x0
 .rel.iplt      0x0000000008002990        0x0 d:/st/stm32cubeide_1.4.0/stm32cubeide/plugins/com.st.stm32cube.ide.mcu.externaltools.gnu-tools-for-stm32.7-2018-q2-update.win32_1.4.0.202007081208/tools/bin/../lib/gcc/arm-none-eabi/7.3.1/thumb/v7-m/crtbegin.o

.ARM.extab      0x0000000008002990        0x0
                0x0000000008002990                . = ALIGN (0x4)
 *(.ARM.extab* .gnu.linkonce.armextab.*)
                0x0000000008002990                . = ALIGN (0x4)

.ARM            0x0000000008002990        0x0
                0x0000000008002990                . = ALIGN (0x4)
                0x0000000008002990                __exidx_start = .
 *(.ARM.exidx*)
                0x0000000008002990                __exidx_end = .
                0x0000000008002990                . = ALIGN (0x4)

.preinit_array  0x0000000008002990        0x0
                0x0000000008002990                . = ALIGN (0x4)
                0x0000000008002990                PROVIDE (__preinit_array_start = .)
 *(.preinit_array*)
                0x0000000008002990                PROVIDE (__preinit_array_end = .)
                0x0000000008002990                . = ALIGN (0x4)

.init_array     0x0000000008002990        0x4
                0x0000000008002990                . = ALIGN (0x4)
                0x0000000008002990                PROVIDE (__init_array_start = .)
 *(SORT_BY_NAME(.init_array.*))
 *(.init_array*)
 .init_array    0x0000000008002990        0x4 d:/st/stm32cubeide_1.4.0/stm32cubeide/plugins/com.st.stm32cube.ide.mcu.externaltools.gnu-tools-for-stm32.7-2018-q2-update.win32_1.4.0.202007081208/tools/bin/../lib/gcc/arm-none-eabi/7.3.1/thumb/v7-m/crtbegin.o
                0x0000000008002994                PROVIDE (__init_array_end = .)
                0x0000000008002994                . = ALIGN (0x4)

.fini_array     0x0000000008002994        0x4
                0x0000000008002994                . = ALIGN (0x4)
                [!provide]                        PROVIDE (__fini_array_start = .)
 *(SORT_BY_NAME(.fini_array.*))
 *(.fini_array*)
 .fini_array    0x0000000008002994        0x4 d:/st/stm32cubeide_1.4.0/stm32cubeide/plugins/com.st.stm32cube.ide.mcu.externaltools.gnu-tools-for-stm32.7-2018-q2-update.win32_1.4.0.202007081208/tools/bin/../lib/gcc/arm-none-eabi/7.3.1/thumb/v7-m/crtbegin.o
                [!provide]                        PROVIDE (__fini_array_end = .)
                0x0000000008002998                . = ALIGN (0x4)
                0x0000000008002998                _sidata = LOADADDR (.data)

.data           0x0000000020000000      0x154 load address 0x0000000008002998
                0x0000000020000000                . = ALIGN (0x4)
                0x0000000020000000                _sdata = .
 *(.data)
 *(.data*)
 .data.SystemCoreClock
                0x0000000020000000        0x4 CMSIS/system_stm32f10x.o
                0x0000000020000000                SystemCoreClock
 .data.ADCPrescTable
                0x0000000020000004        0x4 Drivers/StdPeriph_Driver/src/stm32f10x_rcc.o
 .data.APBAHBPrescTable
                0x0000000020000008       0x10 Drivers/StdPeriph_Driver/src/stm32f10x_rcc.o
 .data.FAT16_StatusFileName
                0x0000000020000018        0xb Src/FAT16.o
                0x0000000020000018                FAT16_StatusFileName
 .data.Mode_Sense10_data
                0x0000000020000023        0x8 USB_Config/scsi_data.o
                0x0000000020000023                Mode_Sense10_data
 .data.Mode_Sense6_data
                0x000000002000002b        0x4 USB_Config/scsi_data.o
                0x000000002000002b                Mode_Sense6_data
 .data.ReadFormatCapacity_Data
                0x000000002000002f        0xc USB_Config/scsi_data.o
                0x000000002000002f                ReadFormatCapacity_Data
 .data.Scsi_Sense_Data
                0x000000002000003b       0x12 USB_Config/scsi_data.o
                0x000000002000003b                Scsi_Sense_Data
 .data.Standard_Inquiry_Data
                0x000000002000004d       0x24 USB_Config/scsi_data.o
                0x000000002000004d                Standard_Inquiry_Data
 .data.MASS_StringSerial
                0x0000000020000071       0x1a USB_Config/usb_desc.o
                0x0000000020000071                MASS_StringSerial
 *fill*         0x000000002000008b        0x1 
 .data.pEpInt_IN
                0x000000002000008c       0x1c USB_Config/usb_istr.o
                0x000000002000008c                pEpInt_IN
 .data.pEpInt_OUT
                0x00000000200000a8       0x1c USB_Config/usb_istr.o
                0x00000000200000a8                pEpInt_OUT
 .data.Config_Descriptor
                0x00000000200000c4        0x8 USB_Config/usb_prop.o
                0x00000000200000c4                Config_Descriptor
 .data.Device_Descriptor
                0x00000000200000cc        0x8 USB_Config/usb_prop.o
                0x00000000200000cc                Device_Descriptor
 .data.Device_Property
                0x00000000200000d4       0x30 USB_Config/usb_prop.o
                0x00000000200000d4                Device_Property
 .data.Device_Table
                0x0000000020000104        0x2 USB_Config/usb_prop.o
                0x0000000020000104                Device_Table
 *fill*         0x0000000020000106        0x2 
 .data.String_Descriptor
                0x0000000020000108       0x28 USB_Config/usb_prop.o
                0x0000000020000108                String_Descriptor
 .data.User_Standard_Requests
                0x0000000020000130       0x24 USB_Config/usb_prop.o
                0x0000000020000130                User_Standard_Requests
                0x0000000020000154                . = ALIGN (0x4)
                0x0000000020000154                _edata = .

.igot.plt       0x0000000020000154        0x0 load address 0x0000000008002aec
 .igot.plt      0x0000000020000154        0x0 d:/st/stm32cubeide_1.4.0/stm32cubeide/plugins/com.st.stm32cube.ide.mcu.externaltools.gnu-tools-for-stm32.7-2018-q2-update.win32_1.4.0.202007081208/tools/bin/../lib/gcc/arm-none-eabi/7.3.1/thumb/v7-m/crtbegin.o
                0x0000000020000154                . = ALIGN (0x4)

.bss            0x0000000020000154      0xd54 load address 0x0000000008002aec
                0x0000000020000154                _sbss = .
                0x0000000020000154                __bss_start__ = _sbss
 *(.bss)
 .bss           0x0000000020000154       0x1c d:/st/stm32cubeide_1.4.0/stm32cubeide/plugins/com.st.stm32cube.ide.mcu.externaltools.gnu-tools-for-stm32.7-2018-q2-update.win32_1.4.0.202007081208/tools/bin/../lib/gcc/arm-none-eabi/7.3.1/thumb/v7-m/crtbegin.o
 *(.bss*)
 .bss.lastFAT_LBA.7325
                0x0000000020000170        0x4 Src/FAT16.o
 .bss.startFlag.7324
                0x0000000020000174        0x1 Src/FAT16.o
 *fill*         0x0000000020000175        0x3 
 .bss.writeCnt.7326
                0x0000000020000178        0x4 Src/FAT16.o
 .bss.TimingDelay
                0x000000002000017c        0x4 Src/delay.o
 .bss.need_refresh
                0x0000000020000180        0x1 Src/main.o
                0x0000000020000180                need_refresh
 .bss.update_result
                0x0000000020000181        0x1 Src/main.o
                0x0000000020000181                update_result
 *fill*         0x0000000020000182        0x2 
 .bss.Block_Read_count
                0x0000000020000184        0x4 USB_Config/memory.o
                0x0000000020000184                Block_Read_count
 .bss.Counter   0x0000000020000188        0x4 USB_Config/memory.o
                0x0000000020000188                Counter
 .bss.Length.6885
                0x000000002000018c        0x4 USB_Config/memory.o
 .bss.Offset.6884
                0x0000000020000190        0x4 USB_Config/memory.o
 .bss.TransferState
                0x0000000020000194        0x1 USB_Config/memory.o
                0x0000000020000194                TransferState
 .bss.USB_STATUS_REG
                0x0000000020000195        0x1 USB_Config/memory.o
                0x0000000020000195                USB_STATUS_REG
 *fill*         0x0000000020000196        0x2 
 .bss.W_Length.6893
                0x0000000020000198        0x4 USB_Config/memory.o
 .bss.W_Offset.6892
                0x000000002000019c        0x4 USB_Config/memory.o
 .bss.Page00_Inquiry_Data
                0x00000000200001a0        0x5 USB_Config/scsi_data.o
                0x00000000200001a0                Page00_Inquiry_Data
 .bss.ReadCapacity10_Data
                0x00000000200001a5        0x8 USB_Config/scsi_data.o
                0x00000000200001a5                ReadCapacity10_Data
 *fill*         0x00000000200001ad        0x3 
 .bss.Max_Lun   0x00000000200001b0        0x4 USB_Config/usb_prop.o
                0x00000000200001b0                Max_Lun
 .bss.bDeviceState
                0x00000000200001b4        0x4 USB_Config/usb_pwr.o
                0x00000000200001b4                bDeviceState
 .bss.Data_Mul_MaxPacketSize
                0x00000000200001b8        0x1 USB_Core/usb_core.o
                0x00000000200001b8                Data_Mul_MaxPacketSize
 *(COMMON)
 *fill*         0x00000000200001b9        0x3 
 COMMON         0x00000000200001bc       0x20 Src/FAT16.o
                0x00000000200001bc                FileAttr
 COMMON         0x00000000200001dc      0x400 Src/stmflash.o
                0x00000000200001dc                STMFLASH_BUF
 COMMON         0x00000000200005dc        0xc USB_Config/mass_mal.o
                0x00000000200005dc                Mass_Memory_Size
                0x00000000200005e0                Mass_Block_Size
                0x00000000200005e4                Mass_Block_Count
 COMMON         0x00000000200005e8      0x808 USB_Config/memory.o
                0x00000000200005e8                Block_offset
                0x00000000200005ec                Idx
                0x00000000200005f0                Data_Buffer
 COMMON         0x0000000020000df0       0x7c USB_Config/usb_bot.o
                0x0000000020000df0                CBW
                0x0000000020000e10                Data_Len
                0x0000000020000e12                Bot_State
                0x0000000020000e14                SCSI_LBA
                0x0000000020000e18                CSW
                0x0000000020000e28                SCSI_BlkLen
                0x0000000020000e2c                Bulk_Data_Buff
 COMMON         0x0000000020000e6c        0x2 USB_Config/usb_istr.o
                0x0000000020000e6c                wIstr
 COMMON         0x0000000020000e6e        0x2 USB_Core/usb_core.o
                0x0000000020000e6e                StatusInfo
 COMMON         0x0000000020000e70       0x32 USB_Core/usb_init.o
                0x0000000020000e70                SaveState
                0x0000000020000e74                pProperty
                0x0000000020000e78                EPindex
                0x0000000020000e7c                Device_Info
                0x0000000020000e98                pUser_Standard_Requests
                0x0000000020000e9c                pInformation
                0x0000000020000ea0                wInterrupt_Mask
 COMMON         0x0000000020000ea2        0x4 USB_Core/usb_int.o
                0x0000000020000ea2                SaveRState
                0x0000000020000ea4                SaveTState
                0x0000000020000ea8                . = ALIGN (0x4)
 *fill*         0x0000000020000ea6        0x2 
                0x0000000020000ea8                _ebss = .
                0x0000000020000ea8                __bss_end__ = _ebss

._user_heap_stack
                0x0000000020000ea8      0x600 load address 0x0000000008002aec
                0x0000000020000ea8                . = ALIGN (0x8)
                [!provide]                        PROVIDE (end = .)
                0x0000000020000ea8                PROVIDE (_end = .)
                0x00000000200010a8                . = (. + _Min_Heap_Size)
 *fill*         0x0000000020000ea8      0x200 
                0x00000000200014a8                . = (. + _Min_Stack_Size)
 *fill*         0x00000000200010a8      0x400 
                0x00000000200014a8                . = ALIGN (0x8)

/DISCARD/
 libc.a(*)
 libm.a(*)
 libgcc.a(*)

.ARM.attributes
                0x0000000000000000       0x29
 *(.ARM.attributes)
 .ARM.attributes
                0x0000000000000000       0x1d d:/st/stm32cubeide_1.4.0/stm32cubeide/plugins/com.st.stm32cube.ide.mcu.externaltools.gnu-tools-for-stm32.7-2018-q2-update.win32_1.4.0.202007081208/tools/bin/../lib/gcc/arm-none-eabi/7.3.1/thumb/v7-m/crti.o
 .ARM.attributes
                0x000000000000001d       0x2d d:/st/stm32cubeide_1.4.0/stm32cubeide/plugins/com.st.stm32cube.ide.mcu.externaltools.gnu-tools-for-stm32.7-2018-q2-update.win32_1.4.0.202007081208/tools/bin/../lib/gcc/arm-none-eabi/7.3.1/thumb/v7-m/crtbegin.o
 .ARM.attributes
                0x000000000000004a       0x33 CMSIS/system_stm32f10x.o
 .ARM.attributes
                0x000000000000007d       0x33 Drivers/StdPeriph_Driver/src/misc.o
 .ARM.attributes
                0x00000000000000b0       0x33 Drivers/StdPeriph_Driver/src/stm32f10x_bkp.o
 .ARM.attributes
                0x00000000000000e3       0x33 Drivers/StdPeriph_Driver/src/stm32f10x_exti.o
 .ARM.attributes
                0x0000000000000116       0x33 Drivers/StdPeriph_Driver/src/stm32f10x_flash.o
 .ARM.attributes
                0x0000000000000149       0x33 Drivers/StdPeriph_Driver/src/stm32f10x_gpio.o
 .ARM.attributes
                0x000000000000017c       0x33 Drivers/StdPeriph_Driver/src/stm32f10x_pwr.o
 .ARM.attributes
                0x00000000000001af       0x33 Drivers/StdPeriph_Driver/src/stm32f10x_rcc.o
 .ARM.attributes
                0x00000000000001e2       0x33 Drivers/StdPeriph_Driver/src/stm32f10x_usart.o
 .ARM.attributes
                0x0000000000000215       0x33 Src/FAT16.o
 .ARM.attributes
                0x0000000000000248       0x33 Src/delay.o
 .ARM.attributes
                0x000000000000027b       0x33 Src/key.o
 .ARM.attributes
                0x00000000000002ae       0x33 Src/main.o
 .ARM.attributes
                0x00000000000002e1       0x33 Src/stm32f10x_it.o
 .ARM.attributes
                0x0000000000000314       0x33 Src/stmflash.o
 .ARM.attributes
                0x0000000000000347       0x21 Startup/startup_stm32f103c8tx.o
 .ARM.attributes
                0x0000000000000368       0x33 USB_Config/hw_config.o
 .ARM.attributes
                0x000000000000039b       0x33 USB_Config/mass_mal.o
 .ARM.attributes
                0x00000000000003ce       0x33 USB_Config/memory.o
 .ARM.attributes
                0x0000000000000401       0x33 USB_Config/scsi_data.o
 .ARM.attributes
                0x0000000000000434       0x33 USB_Config/usb_bot.o
 .ARM.attributes
                0x0000000000000467       0x33 USB_Config/usb_desc.o
 .ARM.attributes
                0x000000000000049a       0x33 USB_Config/usb_endp.o
 .ARM.attributes
                0x00000000000004cd       0x33 USB_Config/usb_istr.o
 .ARM.attributes
                0x0000000000000500       0x33 USB_Config/usb_prop.o
 .ARM.attributes
                0x0000000000000533       0x33 USB_Config/usb_pwr.o
 .ARM.attributes
                0x0000000000000566       0x33 USB_Config/usb_scsi.o
 .ARM.attributes
                0x0000000000000599       0x33 USB_Core/usb_core.o
 .ARM.attributes
                0x00000000000005cc       0x33 USB_Core/usb_init.o
 .ARM.attributes
                0x00000000000005ff       0x33 USB_Core/usb_int.o
 .ARM.attributes
                0x0000000000000632       0x33 USB_Core/usb_mem.o
 .ARM.attributes
                0x0000000000000665       0x33 USB_Core/usb_regs.o
 .ARM.attributes
                0x0000000000000698       0x2d d:/st/stm32cubeide_1.4.0/stm32cubeide/plugins/com.st.stm32cube.ide.mcu.externaltools.gnu-tools-for-stm32.7-2018-q2-update.win32_1.4.0.202007081208/tools/bin/../lib/gcc/arm-none-eabi/7.3.1/../../../../arm-none-eabi/lib/thumb/v7-m\libc_nano.a(lib_a-init.o)
 .ARM.attributes
                0x00000000000006c5       0x2d d:/st/stm32cubeide_1.4.0/stm32cubeide/plugins/com.st.stm32cube.ide.mcu.externaltools.gnu-tools-for-stm32.7-2018-q2-update.win32_1.4.0.202007081208/tools/bin/../lib/gcc/arm-none-eabi/7.3.1/../../../../arm-none-eabi/lib/thumb/v7-m\libc_nano.a(lib_a-memcmp.o)
 .ARM.attributes
                0x00000000000006f2       0x2d d:/st/stm32cubeide_1.4.0/stm32cubeide/plugins/com.st.stm32cube.ide.mcu.externaltools.gnu-tools-for-stm32.7-2018-q2-update.win32_1.4.0.202007081208/tools/bin/../lib/gcc/arm-none-eabi/7.3.1/../../../../arm-none-eabi/lib/thumb/v7-m\libc_nano.a(lib_a-memset.o)
 .ARM.attributes
                0x000000000000071f       0x17 d:/st/stm32cubeide_1.4.0/stm32cubeide/plugins/com.st.stm32cube.ide.mcu.externaltools.gnu-tools-for-stm32.7-2018-q2-update.win32_1.4.0.202007081208/tools/bin/../lib/gcc/arm-none-eabi/7.3.1/../../../../arm-none-eabi/lib/thumb/v7-m\libc_nano.a(lib_a-strlen.o)
 .ARM.attributes
                0x0000000000000736       0x1d d:/st/stm32cubeide_1.4.0/stm32cubeide/plugins/com.st.stm32cube.ide.mcu.externaltools.gnu-tools-for-stm32.7-2018-q2-update.win32_1.4.0.202007081208/tools/bin/../lib/gcc/arm-none-eabi/7.3.1/thumb/v7-m/crtn.o
OUTPUT(LaserMscBootloader.elf elf32-littlearm)

.debug_info     0x0000000000000000    0x17d3c
 .debug_info    0x0000000000000000      0x4c9 CMSIS/system_stm32f10x.o
 .debug_info    0x00000000000004c9      0x54f Drivers/StdPeriph_Driver/src/misc.o
 .debug_info    0x0000000000000a18      0x7e8 Drivers/StdPeriph_Driver/src/stm32f10x_bkp.o
 .debug_info    0x0000000000001200      0x364 Drivers/StdPeriph_Driver/src/stm32f10x_exti.o
 .debug_info    0x0000000000001564      0x9dc Drivers/StdPeriph_Driver/src/stm32f10x_flash.o
 .debug_info    0x0000000000001f40      0x7f9 Drivers/StdPeriph_Driver/src/stm32f10x_gpio.o
 .debug_info    0x0000000000002739      0x4ad Drivers/StdPeriph_Driver/src/stm32f10x_pwr.o
 .debug_info    0x0000000000002be6      0x8e4 Drivers/StdPeriph_Driver/src/stm32f10x_rcc.o
 .debug_info    0x00000000000034ca      0xad3 Drivers/StdPeriph_Driver/src/stm32f10x_usart.o
 .debug_info    0x0000000000003f9d      0xf2d Src/FAT16.o
 .debug_info    0x0000000000004eca      0x675 Src/delay.o
 .debug_info    0x000000000000553f      0xbb2 Src/key.o
 .debug_info    0x00000000000060f1     0x1777 Src/main.o
 .debug_info    0x0000000000007868      0xdae Src/stm32f10x_it.o
 .debug_info    0x0000000000008616      0xbe6 Src/stmflash.o
 .debug_info    0x00000000000091fc       0x22 Startup/startup_stm32f103c8tx.o
 .debug_info    0x000000000000921e     0x1275 USB_Config/hw_config.o
 .debug_info    0x000000000000a493      0x2d6 USB_Config/mass_mal.o
 .debug_info    0x000000000000a769      0xdd8 USB_Config/memory.o
 .debug_info    0x000000000000b541      0x9c9 USB_Config/scsi_data.o
 .debug_info    0x000000000000bf0a     0x1073 USB_Config/usb_bot.o
 .debug_info    0x000000000000cf7d      0x20c USB_Config/usb_desc.o
 .debug_info    0x000000000000d189      0xd2f USB_Config/usb_endp.o
 .debug_info    0x000000000000deb8      0xdab USB_Config/usb_istr.o
 .debug_info    0x000000000000ec63     0x1559 USB_Config/usb_prop.o
 .debug_info    0x00000000000101bc      0xf42 USB_Config/usb_pwr.o
 .debug_info    0x00000000000110fe     0x133f USB_Config/usb_scsi.o
 .debug_info    0x000000000001243d     0x16e6 USB_Core/usb_core.o
 .debug_info    0x0000000000013b23      0xd47 USB_Core/usb_init.o
 .debug_info    0x000000000001486a      0xe83 USB_Core/usb_int.o
 .debug_info    0x00000000000156ed      0xde7 USB_Core/usb_mem.o
 .debug_info    0x00000000000164d4     0x1868 USB_Core/usb_regs.o

.debug_abbrev   0x0000000000000000     0x4740
 .debug_abbrev  0x0000000000000000      0x191 CMSIS/system_stm32f10x.o
 .debug_abbrev  0x0000000000000191      0x186 Drivers/StdPeriph_Driver/src/misc.o
 .debug_abbrev  0x0000000000000317      0x1ac Drivers/StdPeriph_Driver/src/stm32f10x_bkp.o
 .debug_abbrev  0x00000000000004c3      0x1c8 Drivers/StdPeriph_Driver/src/stm32f10x_exti.o
 .debug_abbrev  0x000000000000068b      0x245 Drivers/StdPeriph_Driver/src/stm32f10x_flash.o
 .debug_abbrev  0x00000000000008d0      0x223 Drivers/StdPeriph_Driver/src/stm32f10x_gpio.o
 .debug_abbrev  0x0000000000000af3      0x1c2 Drivers/StdPeriph_Driver/src/stm32f10x_pwr.o
 .debug_abbrev  0x0000000000000cb5      0x1fa Drivers/StdPeriph_Driver/src/stm32f10x_rcc.o
 .debug_abbrev  0x0000000000000eaf      0x1fc Drivers/StdPeriph_Driver/src/stm32f10x_usart.o
 .debug_abbrev  0x00000000000010ab      0x30a Src/FAT16.o
 .debug_abbrev  0x00000000000013b5      0x1d3 Src/delay.o
 .debug_abbrev  0x0000000000001588      0x233 Src/key.o
 .debug_abbrev  0x00000000000017bb      0x389 Src/main.o
 .debug_abbrev  0x0000000000001b44      0x243 Src/stm32f10x_it.o
 .debug_abbrev  0x0000000000001d87      0x2bd Src/stmflash.o
 .debug_abbrev  0x0000000000002044       0x12 Startup/startup_stm32f103c8tx.o
 .debug_abbrev  0x0000000000002056      0x2c3 USB_Config/hw_config.o
 .debug_abbrev  0x0000000000002319      0x10d USB_Config/mass_mal.o
 .debug_abbrev  0x0000000000002426      0x282 USB_Config/memory.o
 .debug_abbrev  0x00000000000026a8      0x17e USB_Config/scsi_data.o
 .debug_abbrev  0x0000000000002826      0x310 USB_Config/usb_bot.o
 .debug_abbrev  0x0000000000002b36       0x92 USB_Config/usb_desc.o
 .debug_abbrev  0x0000000000002bc8      0x1e1 USB_Config/usb_endp.o
 .debug_abbrev  0x0000000000002da9      0x210 USB_Config/usb_istr.o
 .debug_abbrev  0x0000000000002fb9      0x391 USB_Config/usb_prop.o
 .debug_abbrev  0x000000000000334a      0x28c USB_Config/usb_pwr.o
 .debug_abbrev  0x00000000000035d6      0x35f USB_Config/usb_scsi.o
 .debug_abbrev  0x0000000000003935      0x4cb USB_Core/usb_core.o
 .debug_abbrev  0x0000000000003e00      0x1ca USB_Core/usb_init.o
 .debug_abbrev  0x0000000000003fca      0x222 USB_Core/usb_int.o
 .debug_abbrev  0x00000000000041ec      0x1fe USB_Core/usb_mem.o
 .debug_abbrev  0x00000000000043ea      0x356 USB_Core/usb_regs.o

.debug_loc      0x0000000000000000     0x532d
 .debug_loc     0x0000000000000000       0xb1 CMSIS/system_stm32f10x.o
 .debug_loc     0x00000000000000b1      0x16c Drivers/StdPeriph_Driver/src/misc.o
 .debug_loc     0x000000000000021d       0xee Drivers/StdPeriph_Driver/src/stm32f10x_bkp.o
 .debug_loc     0x000000000000030b      0x188 Drivers/StdPeriph_Driver/src/stm32f10x_exti.o
 .debug_loc     0x0000000000000493      0x70c Drivers/StdPeriph_Driver/src/stm32f10x_flash.o
 .debug_loc     0x0000000000000b9f      0x577 Drivers/StdPeriph_Driver/src/stm32f10x_gpio.o
 .debug_loc     0x0000000000001116      0x111 Drivers/StdPeriph_Driver/src/stm32f10x_pwr.o
 .debug_loc     0x0000000000001227      0x6b8 Drivers/StdPeriph_Driver/src/stm32f10x_rcc.o
 .debug_loc     0x00000000000018df      0x793 Drivers/StdPeriph_Driver/src/stm32f10x_usart.o
 .debug_loc     0x0000000000002072      0x797 Src/FAT16.o
 .debug_loc     0x0000000000002809       0x52 Src/delay.o
 .debug_loc     0x000000000000285b       0xd2 Src/main.o
 .debug_loc     0x000000000000292d      0x2bd Src/stmflash.o
 .debug_loc     0x0000000000002bea       0x39 USB_Config/hw_config.o
 .debug_loc     0x0000000000002c23      0x28e USB_Config/mass_mal.o
 .debug_loc     0x0000000000002eb1      0x131 USB_Config/memory.o
 .debug_loc     0x0000000000002fe2      0x19c USB_Config/usb_bot.o
 .debug_loc     0x000000000000317e      0x1a9 USB_Config/usb_prop.o
 .debug_loc     0x0000000000003327       0xdc USB_Config/usb_pwr.o
 .debug_loc     0x0000000000003403      0x701 USB_Config/usb_scsi.o
 .debug_loc     0x0000000000003b04      0x9ed USB_Core/usb_core.o
 .debug_loc     0x00000000000044f1      0x16d USB_Core/usb_int.o
 .debug_loc     0x000000000000465e      0x21e USB_Core/usb_mem.o
 .debug_loc     0x000000000000487c      0xab1 USB_Core/usb_regs.o

.debug_aranges  0x0000000000000000      0xc60
 .debug_aranges
                0x0000000000000000       0x28 CMSIS/system_stm32f10x.o
 .debug_aranges
                0x0000000000000028       0x40 Drivers/StdPeriph_Driver/src/misc.o
 .debug_aranges
                0x0000000000000068       0x78 Drivers/StdPeriph_Driver/src/stm32f10x_bkp.o
 .debug_aranges
                0x00000000000000e0       0x50 Drivers/StdPeriph_Driver/src/stm32f10x_exti.o
 .debug_aranges
                0x0000000000000130       0xd8 Drivers/StdPeriph_Driver/src/stm32f10x_flash.o
 .debug_aranges
                0x0000000000000208       0xa8 Drivers/StdPeriph_Driver/src/stm32f10x_gpio.o
 .debug_aranges
                0x00000000000002b0       0x60 Drivers/StdPeriph_Driver/src/stm32f10x_pwr.o
 .debug_aranges
                0x0000000000000310      0x118 Drivers/StdPeriph_Driver/src/stm32f10x_rcc.o
 .debug_aranges
                0x0000000000000428      0x100 Drivers/StdPeriph_Driver/src/stm32f10x_usart.o
 .debug_aranges
                0x0000000000000528       0x40 Src/FAT16.o
 .debug_aranges
                0x0000000000000568       0x38 Src/delay.o
 .debug_aranges
                0x00000000000005a0       0x28 Src/key.o
 .debug_aranges
                0x00000000000005c8       0x68 Src/main.o
 .debug_aranges
                0x0000000000000630       0x50 Src/stm32f10x_it.o
 .debug_aranges
                0x0000000000000680       0x38 Src/stmflash.o
 .debug_aranges
                0x00000000000006b8       0x28 Startup/startup_stm32f103c8tx.o
 .debug_aranges
                0x00000000000006e0       0x58 USB_Config/hw_config.o
 .debug_aranges
                0x0000000000000738       0x38 USB_Config/mass_mal.o
 .debug_aranges
                0x0000000000000770       0x28 USB_Config/memory.o
 .debug_aranges
                0x0000000000000798       0x18 USB_Config/scsi_data.o
 .debug_aranges
                0x00000000000007b0       0x50 USB_Config/usb_bot.o
 .debug_aranges
                0x0000000000000800       0x18 USB_Config/usb_desc.o
 .debug_aranges
                0x0000000000000818       0x28 USB_Config/usb_endp.o
 .debug_aranges
                0x0000000000000840       0x20 USB_Config/usb_istr.o
 .debug_aranges
                0x0000000000000860       0x80 USB_Config/usb_prop.o
 .debug_aranges
                0x00000000000008e0       0x40 USB_Config/usb_pwr.o
 .debug_aranges
                0x0000000000000920       0x98 USB_Config/usb_scsi.o
 .debug_aranges
                0x00000000000009b8       0x98 USB_Core/usb_core.o
 .debug_aranges
                0x0000000000000a50       0x20 USB_Core/usb_init.o
 .debug_aranges
                0x0000000000000a70       0x28 USB_Core/usb_int.o
 .debug_aranges
                0x0000000000000a98       0x28 USB_Core/usb_mem.o
 .debug_aranges
                0x0000000000000ac0      0x1a0 USB_Core/usb_regs.o

.debug_ranges   0x0000000000000000      0xe68
 .debug_ranges  0x0000000000000000       0x30 CMSIS/system_stm32f10x.o
 .debug_ranges  0x0000000000000030       0x30 Drivers/StdPeriph_Driver/src/misc.o
 .debug_ranges  0x0000000000000060       0x68 Drivers/StdPeriph_Driver/src/stm32f10x_bkp.o
 .debug_ranges  0x00000000000000c8       0x40 Drivers/StdPeriph_Driver/src/stm32f10x_exti.o
 .debug_ranges  0x0000000000000108       0xc8 Drivers/StdPeriph_Driver/src/stm32f10x_flash.o
 .debug_ranges  0x00000000000001d0       0x98 Drivers/StdPeriph_Driver/src/stm32f10x_gpio.o
 .debug_ranges  0x0000000000000268       0x50 Drivers/StdPeriph_Driver/src/stm32f10x_pwr.o
 .debug_ranges  0x00000000000002b8      0x108 Drivers/StdPeriph_Driver/src/stm32f10x_rcc.o
 .debug_ranges  0x00000000000003c0       0xf0 Drivers/StdPeriph_Driver/src/stm32f10x_usart.o
 .debug_ranges  0x00000000000004b0       0x30 Src/FAT16.o
 .debug_ranges  0x00000000000004e0       0x58 Src/delay.o
 .debug_ranges  0x0000000000000538       0x18 Src/key.o
 .debug_ranges  0x0000000000000550       0x58 Src/main.o
 .debug_ranges  0x00000000000005a8       0x40 Src/stm32f10x_it.o
 .debug_ranges  0x00000000000005e8       0x40 Src/stmflash.o
 .debug_ranges  0x0000000000000628       0x20 Startup/startup_stm32f103c8tx.o
 .debug_ranges  0x0000000000000648       0x48 USB_Config/hw_config.o
 .debug_ranges  0x0000000000000690       0x28 USB_Config/mass_mal.o
 .debug_ranges  0x00000000000006b8       0x18 USB_Config/memory.o
 .debug_ranges  0x00000000000006d0       0xe0 USB_Config/usb_bot.o
 .debug_ranges  0x00000000000007b0       0x18 USB_Config/usb_endp.o
 .debug_ranges  0x00000000000007c8       0x10 USB_Config/usb_istr.o
 .debug_ranges  0x00000000000007d8       0x70 USB_Config/usb_prop.o
 .debug_ranges  0x0000000000000848       0x30 USB_Config/usb_pwr.o
 .debug_ranges  0x0000000000000878      0x1c0 USB_Config/usb_scsi.o
 .debug_ranges  0x0000000000000a38      0x140 USB_Core/usb_core.o
 .debug_ranges  0x0000000000000b78       0x10 USB_Core/usb_init.o
 .debug_ranges  0x0000000000000b88       0x30 USB_Core/usb_int.o
 .debug_ranges  0x0000000000000bb8       0x18 USB_Core/usb_mem.o
 .debug_ranges  0x0000000000000bd0      0x298 USB_Core/usb_regs.o

.debug_macro    0x0000000000000000    0x12098
 .debug_macro   0x0000000000000000      0x12b CMSIS/system_stm32f10x.o
 .debug_macro   0x000000000000012b      0xa72 CMSIS/system_stm32f10x.o
 .debug_macro   0x0000000000000b9d       0x56 CMSIS/system_stm32f10x.o
 .debug_macro   0x0000000000000bf3       0x22 CMSIS/system_stm32f10x.o
 .debug_macro   0x0000000000000c15       0x8e CMSIS/system_stm32f10x.o
 .debug_macro   0x0000000000000ca3       0x51 CMSIS/system_stm32f10x.o
 .debug_macro   0x0000000000000cf4       0xef CMSIS/system_stm32f10x.o
 .debug_macro   0x0000000000000de3       0x6a CMSIS/system_stm32f10x.o
 .debug_macro   0x0000000000000e4d      0x1df CMSIS/system_stm32f10x.o
 .debug_macro   0x000000000000102c       0x1c CMSIS/system_stm32f10x.o
 .debug_macro   0x0000000000001048       0x22 CMSIS/system_stm32f10x.o
 .debug_macro   0x000000000000106a       0xc3 CMSIS/system_stm32f10x.o
 .debug_macro   0x000000000000112d      0xd15 CMSIS/system_stm32f10x.o
 .debug_macro   0x0000000000001e42     0x7dbe CMSIS/system_stm32f10x.o
 .debug_macro   0x0000000000009c00      0x13e CMSIS/system_stm32f10x.o
 .debug_macro   0x0000000000009d3e       0xac CMSIS/system_stm32f10x.o
 .debug_macro   0x0000000000009dea      0x3ad CMSIS/system_stm32f10x.o
 .debug_macro   0x000000000000a197       0x9a CMSIS/system_stm32f10x.o
 .debug_macro   0x000000000000a231      0x2cf CMSIS/system_stm32f10x.o
 .debug_macro   0x000000000000a500      0x2ac CMSIS/system_stm32f10x.o
 .debug_macro   0x000000000000a7ac       0x82 CMSIS/system_stm32f10x.o
 .debug_macro   0x000000000000a82e      0x3e2 CMSIS/system_stm32f10x.o
 .debug_macro   0x000000000000ac10       0x8b CMSIS/system_stm32f10x.o
 .debug_macro   0x000000000000ac9b       0x35 CMSIS/system_stm32f10x.o
 .debug_macro   0x000000000000acd0      0x12e Drivers/StdPeriph_Driver/src/misc.o
 .debug_macro   0x000000000000adfe       0x85 Drivers/StdPeriph_Driver/src/misc.o
 .debug_macro   0x000000000000ae83      0x182 Drivers/StdPeriph_Driver/src/stm32f10x_bkp.o
 .debug_macro   0x000000000000b005       0xa6 Drivers/StdPeriph_Driver/src/stm32f10x_bkp.o
 .debug_macro   0x000000000000b0ab      0x12e Drivers/StdPeriph_Driver/src/stm32f10x_exti.o
 .debug_macro   0x000000000000b1d9       0x94 Drivers/StdPeriph_Driver/src/stm32f10x_exti.o
 .debug_macro   0x000000000000b26d      0x1d0 Drivers/StdPeriph_Driver/src/stm32f10x_flash.o
 .debug_macro   0x000000000000b43d      0x2c9 Drivers/StdPeriph_Driver/src/stm32f10x_flash.o
 .debug_macro   0x000000000000b706      0x176 Drivers/StdPeriph_Driver/src/stm32f10x_gpio.o
 .debug_macro   0x000000000000b87c      0x2a6 Drivers/StdPeriph_Driver/src/stm32f10x_gpio.o
 .debug_macro   0x000000000000bb22      0x16a Drivers/StdPeriph_Driver/src/stm32f10x_pwr.o
 .debug_macro   0x000000000000bc8c       0x7c Drivers/StdPeriph_Driver/src/stm32f10x_pwr.o
 .debug_macro   0x000000000000bd08      0x244 Drivers/StdPeriph_Driver/src/stm32f10x_rcc.o
 .debug_macro   0x000000000000bf4c      0x3dc Drivers/StdPeriph_Driver/src/stm32f10x_rcc.o
 .debug_macro   0x000000000000c328      0x1e1 Drivers/StdPeriph_Driver/src/stm32f10x_usart.o
 .debug_macro   0x000000000000c509      0x21a Drivers/StdPeriph_Driver/src/stm32f10x_usart.o
 .debug_macro   0x000000000000c723      0x30e Src/FAT16.o
 .debug_macro   0x000000000000ca31       0x40 Src/FAT16.o
 .debug_macro   0x000000000000ca71       0x18 Src/FAT16.o
 .debug_macro   0x000000000000ca89       0x94 Src/FAT16.o
 .debug_macro   0x000000000000cb1d       0x3c Src/FAT16.o
 .debug_macro   0x000000000000cb59       0x34 Src/FAT16.o
 .debug_macro   0x000000000000cb8d      0x174 Src/FAT16.o
 .debug_macro   0x000000000000cd01       0x57 Src/FAT16.o
 .debug_macro   0x000000000000cd58       0x52 Src/FAT16.o
 .debug_macro   0x000000000000cdaa       0x1f Src/FAT16.o
 .debug_macro   0x000000000000cdc9       0x43 Src/FAT16.o
 .debug_macro   0x000000000000ce0c       0x20 Src/FAT16.o
 .debug_macro   0x000000000000ce2c      0x1a3 Src/FAT16.o
 .debug_macro   0x000000000000cfcf      0x330 Src/FAT16.o
 .debug_macro   0x000000000000d2ff       0x10 Src/FAT16.o
 .debug_macro   0x000000000000d30f       0x35 Src/FAT16.o
 .debug_macro   0x000000000000d344       0x20 Src/FAT16.o
 .debug_macro   0x000000000000d364       0x16 Src/FAT16.o
 .debug_macro   0x000000000000d37a       0x16 Src/FAT16.o
 .debug_macro   0x000000000000d390       0x29 Src/FAT16.o
 .debug_macro   0x000000000000d3b9       0x58 Src/FAT16.o
 .debug_macro   0x000000000000d411       0xbd Src/FAT16.o
 .debug_macro   0x000000000000d4ce       0x1c Src/FAT16.o
 .debug_macro   0x000000000000d4ea       0x10 Src/FAT16.o
 .debug_macro   0x000000000000d4fa       0x10 Src/FAT16.o
 .debug_macro   0x000000000000d50a       0x1c Src/FAT16.o
 .debug_macro   0x000000000000d526       0x52 Src/FAT16.o
 .debug_macro   0x000000000000d578       0x40 Src/FAT16.o
 .debug_macro   0x000000000000d5b8       0x10 Src/FAT16.o
 .debug_macro   0x000000000000d5c8       0x40 Src/FAT16.o
 .debug_macro   0x000000000000d608       0xd7 Src/FAT16.o
 .debug_macro   0x000000000000d6df       0x1c Src/FAT16.o
 .debug_macro   0x000000000000d6fb       0x3d Src/FAT16.o
 .debug_macro   0x000000000000d738       0x16 Src/FAT16.o
 .debug_macro   0x000000000000d74e      0x145 Src/FAT16.o
 .debug_macro   0x000000000000d893       0x4c Src/FAT16.o
 .debug_macro   0x000000000000d8df       0x16 Src/FAT16.o
 .debug_macro   0x000000000000d8f5      0x128 Src/delay.o
 .debug_macro   0x000000000000da1d      0x2a1 Src/key.o
 .debug_macro   0x000000000000dcbe       0x46 Src/key.o
 .debug_macro   0x000000000000dd04       0x16 Src/key.o
 .debug_macro   0x000000000000dd1a       0x97 Src/key.o
 .debug_macro   0x000000000000ddb1      0x32a Src/key.o
 .debug_macro   0x000000000000e0db       0xfd Src/key.o
 .debug_macro   0x000000000000e1d8       0x22 Src/key.o
 .debug_macro   0x000000000000e1fa      0x33c Src/main.o
 .debug_macro   0x000000000000e536       0x28 Src/main.o
 .debug_macro   0x000000000000e55e       0x10 Src/main.o
 .debug_macro   0x000000000000e56e       0x7c Src/main.o
 .debug_macro   0x000000000000e5ea      0x3d9 Src/main.o
 .debug_macro   0x000000000000e9c3       0x28 Src/main.o
 .debug_macro   0x000000000000e9eb       0x5e Src/main.o
 .debug_macro   0x000000000000ea49       0x34 Src/main.o
 .debug_macro   0x000000000000ea7d       0x5e Src/main.o
 .debug_macro   0x000000000000eadb      0x220 Src/main.o
 .debug_macro   0x000000000000ecfb      0x2fa Src/stm32f10x_it.o
 .debug_macro   0x000000000000eff5      0x2a7 Src/stmflash.o
 .debug_macro   0x000000000000f29c      0x2d3 USB_Config/hw_config.o
 .debug_macro   0x000000000000f56f       0x1c USB_Config/hw_config.o
 .debug_macro   0x000000000000f58b      0x152 USB_Config/mass_mal.o
 .debug_macro   0x000000000000f6dd      0x2eb USB_Config/memory.o
 .debug_macro   0x000000000000f9c8       0x10 USB_Config/memory.o
 .debug_macro   0x000000000000f9d8      0x199 USB_Config/memory.o
 .debug_macro   0x000000000000fb71       0x76 USB_Config/memory.o
 .debug_macro   0x000000000000fbe7      0x2b3 USB_Config/scsi_data.o
 .debug_macro   0x000000000000fe9a       0x16 USB_Config/scsi_data.o
 .debug_macro   0x000000000000feb0      0x2dc USB_Config/usb_bot.o
 .debug_macro   0x000000000001018c      0x12d USB_Config/usb_desc.o
 .debug_macro   0x00000000000102b9       0x2e USB_Config/usb_desc.o
 .debug_macro   0x00000000000102e7      0x2f5 USB_Config/usb_endp.o
 .debug_macro   0x00000000000105dc      0x2d9 USB_Config/usb_istr.o
 .debug_macro   0x00000000000108b5      0x32c USB_Config/usb_prop.o
 .debug_macro   0x0000000000010be1       0x40 USB_Config/usb_prop.o
 .debug_macro   0x0000000000010c21      0x2fd USB_Config/usb_pwr.o
 .debug_macro   0x0000000000010f1e      0x2e8 USB_Config/usb_scsi.o
 .debug_macro   0x0000000000011206      0x31a USB_Core/usb_core.o
 .debug_macro   0x0000000000011520      0x2de USB_Core/usb_init.o
 .debug_macro   0x00000000000117fe      0x2de USB_Core/usb_int.o
 .debug_macro   0x0000000000011adc      0x2de USB_Core/usb_mem.o
 .debug_macro   0x0000000000011dba      0x2de USB_Core/usb_regs.o

.debug_line     0x0000000000000000     0xf3cf
 .debug_line    0x0000000000000000      0x59b CMSIS/system_stm32f10x.o
 .debug_line    0x000000000000059b      0x597 Drivers/StdPeriph_Driver/src/misc.o
 .debug_line    0x0000000000000b32      0x619 Drivers/StdPeriph_Driver/src/stm32f10x_bkp.o
 .debug_line    0x000000000000114b      0x5da Drivers/StdPeriph_Driver/src/stm32f10x_exti.o
 .debug_line    0x0000000000001725      0x812 Drivers/StdPeriph_Driver/src/stm32f10x_flash.o
 .debug_line    0x0000000000001f37      0x711 Drivers/StdPeriph_Driver/src/stm32f10x_gpio.o
 .debug_line    0x0000000000002648      0x5ec Drivers/StdPeriph_Driver/src/stm32f10x_pwr.o
 .debug_line    0x0000000000002c34      0x815 Drivers/StdPeriph_Driver/src/stm32f10x_rcc.o
 .debug_line    0x0000000000003449      0x826 Drivers/StdPeriph_Driver/src/stm32f10x_usart.o
 .debug_line    0x0000000000003c6f      0x932 Src/FAT16.o
 .debug_line    0x00000000000045a1      0x5bb Src/delay.o
 .debug_line    0x0000000000004b5c      0x73c Src/key.o
 .debug_line    0x0000000000005298      0x990 Src/main.o
 .debug_line    0x0000000000005c28      0x862 Src/stm32f10x_it.o
 .debug_line    0x000000000000648a      0x7a2 Src/stmflash.o
 .debug_line    0x0000000000006c2c       0x84 Startup/startup_stm32f103c8tx.o
 .debug_line    0x0000000000006cb0      0x884 USB_Config/hw_config.o
 .debug_line    0x0000000000007534      0x5a7 USB_Config/mass_mal.o
 .debug_line    0x0000000000007adb      0x86f USB_Config/memory.o
 .debug_line    0x000000000000834a      0x787 USB_Config/scsi_data.o
 .debug_line    0x0000000000008ad1      0x938 USB_Config/usb_bot.o
 .debug_line    0x0000000000009409      0x527 USB_Config/usb_desc.o
 .debug_line    0x0000000000009930      0x813 USB_Config/usb_endp.o
 .debug_line    0x000000000000a143      0x7ef USB_Config/usb_istr.o
 .debug_line    0x000000000000a932      0x96d USB_Config/usb_prop.o
 .debug_line    0x000000000000b29f      0x893 USB_Config/usb_pwr.o
 .debug_line    0x000000000000bb32      0xa53 USB_Config/usb_scsi.o
 .debug_line    0x000000000000c585      0xab5 USB_Core/usb_core.o
 .debug_line    0x000000000000d03a      0x7bb USB_Core/usb_init.o
 .debug_line    0x000000000000d7f5      0x812 USB_Core/usb_int.o
 .debug_line    0x000000000000e007      0x7eb USB_Core/usb_mem.o
 .debug_line    0x000000000000e7f2      0xbdd USB_Core/usb_regs.o

.debug_str      0x0000000000000000    0x4aba8
 .debug_str     0x0000000000000000    0x3d989 CMSIS/system_stm32f10x.o
                                      0x3db24 (size before relaxing)
 .debug_str     0x000000000003d989      0x21f Drivers/StdPeriph_Driver/src/misc.o
                                      0x3dc14 (size before relaxing)
 .debug_str     0x000000000003dba8      0x633 Drivers/StdPeriph_Driver/src/stm32f10x_bkp.o
                                      0x3e054 (size before relaxing)
 .debug_str     0x000000000003e1db      0x1ed Drivers/StdPeriph_Driver/src/stm32f10x_exti.o
                                      0x3db97 (size before relaxing)
 .debug_str     0x000000000003e3c8      0x7da Drivers/StdPeriph_Driver/src/stm32f10x_flash.o
                                      0x3e1f8 (size before relaxing)
 .debug_str     0x000000000003eba2      0x5c3 Drivers/StdPeriph_Driver/src/stm32f10x_gpio.o
                                      0x3df9d (size before relaxing)
 .debug_str     0x000000000003f165      0x2cd Drivers/StdPeriph_Driver/src/stm32f10x_pwr.o
                                      0x3dd0c (size before relaxing)
 .debug_str     0x000000000003f432      0xaae Drivers/StdPeriph_Driver/src/stm32f10x_rcc.o
                                      0x3e56c (size before relaxing)
 .debug_str     0x000000000003fee0     0x1c4f Drivers/StdPeriph_Driver/src/stm32f10x_usart.o
                                      0x3f72d (size before relaxing)
 .debug_str     0x0000000000041b2f     0x493b Src/FAT16.o
                                      0x423f7 (size before relaxing)
 .debug_str     0x000000000004646a      0x33b Src/delay.o
                                      0x3ddc0 (size before relaxing)
 .debug_str     0x00000000000467a5       0x97 Src/key.o
                                      0x42126 (size before relaxing)
 .debug_str     0x000000000004683c     0x2458 Src/main.o
                                      0x45d1a (size before relaxing)
 .debug_str     0x0000000000048c94      0x107 Src/stm32f10x_it.o
                                      0x44257 (size before relaxing)
 .debug_str     0x0000000000048d9b       0xcf Src/stmflash.o
                                      0x4206b (size before relaxing)
 .debug_str     0x0000000000048e6a       0x31 Startup/startup_stm32f103c8tx.o
                                         0x53 (size before relaxing)
 .debug_str     0x0000000000048e9b      0x1c8 USB_Config/hw_config.o
                                      0x42e60 (size before relaxing)
 .debug_str     0x0000000000049063       0xe1 USB_Config/mass_mal.o
                                      0x3dc31 (size before relaxing)
 .debug_str     0x0000000000049144      0x9bb USB_Config/memory.o
                                      0x44616 (size before relaxing)
 .debug_str     0x0000000000049aff       0x1a USB_Config/scsi_data.o
                                      0x4282d (size before relaxing)
 .debug_str     0x0000000000049b19      0x1d7 USB_Config/usb_bot.o
                                      0x446d0 (size before relaxing)
 .debug_str     0x0000000000049cf0       0x19 USB_Config/usb_desc.o
                                      0x3dae9 (size before relaxing)
 .debug_str     0x0000000000049d09       0x3a USB_Config/usb_endp.o
                                      0x442ef (size before relaxing)
 .debug_str     0x0000000000049d43       0x41 USB_Config/usb_istr.o
                                      0x4414b (size before relaxing)
 .debug_str     0x0000000000049d84      0x3dc USB_Config/usb_prop.o
                                      0x449e5 (size before relaxing)
 .debug_str     0x000000000004a160       0xd6 USB_Config/usb_pwr.o
                                      0x44331 (size before relaxing)
 .debug_str     0x000000000004a236       0x71 USB_Config/usb_scsi.o
                                      0x446f7 (size before relaxing)
 .debug_str     0x000000000004a2a7      0x56e USB_Core/usb_core.o
                                      0x44888 (size before relaxing)
 .debug_str     0x000000000004a815       0x17 USB_Core/usb_init.o
                                      0x44159 (size before relaxing)
 .debug_str     0x000000000004a82c       0x24 USB_Core/usb_int.o
                                      0x441aa (size before relaxing)
 .debug_str     0x000000000004a850       0x46 USB_Core/usb_mem.o
                                      0x441a7 (size before relaxing)
 .debug_str     0x000000000004a896      0x312 USB_Core/usb_regs.o
                                      0x4452f (size before relaxing)

.comment        0x0000000000000000       0x7b
 .comment       0x0000000000000000       0x7b CMSIS/system_stm32f10x.o
                                         0x7c (size before relaxing)
 .comment       0x000000000000007b       0x7c Drivers/StdPeriph_Driver/src/misc.o
 .comment       0x000000000000007b       0x7c Drivers/StdPeriph_Driver/src/stm32f10x_bkp.o
 .comment       0x000000000000007b       0x7c Drivers/StdPeriph_Driver/src/stm32f10x_exti.o
 .comment       0x000000000000007b       0x7c Drivers/StdPeriph_Driver/src/stm32f10x_flash.o
 .comment       0x000000000000007b       0x7c Drivers/StdPeriph_Driver/src/stm32f10x_gpio.o
 .comment       0x000000000000007b       0x7c Drivers/StdPeriph_Driver/src/stm32f10x_pwr.o
 .comment       0x000000000000007b       0x7c Drivers/StdPeriph_Driver/src/stm32f10x_rcc.o
 .comment       0x000000000000007b       0x7c Drivers/StdPeriph_Driver/src/stm32f10x_usart.o
 .comment       0x000000000000007b       0x7c Src/FAT16.o
 .comment       0x000000000000007b       0x7c Src/delay.o
 .comment       0x000000000000007b       0x7c Src/key.o
 .comment       0x000000000000007b       0x7c Src/main.o
 .comment       0x000000000000007b       0x7c Src/stm32f10x_it.o
 .comment       0x000000000000007b       0x7c Src/stmflash.o
 .comment       0x000000000000007b       0x7c USB_Config/hw_config.o
 .comment       0x000000000000007b       0x7c USB_Config/mass_mal.o
 .comment       0x000000000000007b       0x7c USB_Config/memory.o
 .comment       0x000000000000007b       0x7c USB_Config/scsi_data.o
 .comment       0x000000000000007b       0x7c USB_Config/usb_bot.o
 .comment       0x000000000000007b       0x7c USB_Config/usb_desc.o
 .comment       0x000000000000007b       0x7c USB_Config/usb_endp.o
 .comment       0x000000000000007b       0x7c USB_Config/usb_istr.o
 .comment       0x000000000000007b       0x7c USB_Config/usb_prop.o
 .comment       0x000000000000007b       0x7c USB_Config/usb_pwr.o
 .comment       0x000000000000007b       0x7c USB_Config/usb_scsi.o
 .comment       0x000000000000007b       0x7c USB_Core/usb_core.o
 .comment       0x000000000000007b       0x7c USB_Core/usb_init.o
 .comment       0x000000000000007b       0x7c USB_Core/usb_int.o
 .comment       0x000000000000007b       0x7c USB_Core/usb_mem.o
 .comment       0x000000000000007b       0x7c USB_Core/usb_regs.o

.debug_frame    0x0000000000000000     0x1c74
 .debug_frame   0x0000000000000000       0x38 CMSIS/system_stm32f10x.o
 .debug_frame   0x0000000000000038       0x6c Drivers/StdPeriph_Driver/src/misc.o
 .debug_frame   0x00000000000000a4       0xec Drivers/StdPeriph_Driver/src/stm32f10x_bkp.o
 .debug_frame   0x0000000000000190       0x9c Drivers/StdPeriph_Driver/src/stm32f10x_exti.o
 .debug_frame   0x000000000000022c      0x244 Drivers/StdPeriph_Driver/src/stm32f10x_flash.o
 .debug_frame   0x0000000000000470      0x170 Drivers/StdPeriph_Driver/src/stm32f10x_gpio.o
 .debug_frame   0x00000000000005e0       0xac Drivers/StdPeriph_Driver/src/stm32f10x_pwr.o
 .debug_frame   0x000000000000068c      0x220 Drivers/StdPeriph_Driver/src/stm32f10x_rcc.o
 .debug_frame   0x00000000000008ac      0x224 Drivers/StdPeriph_Driver/src/stm32f10x_usart.o
 .debug_frame   0x0000000000000ad0       0xa4 Src/FAT16.o
 .debug_frame   0x0000000000000b74       0x60 Src/delay.o
 .debug_frame   0x0000000000000bd4       0x40 Src/key.o
 .debug_frame   0x0000000000000c14      0x124 Src/main.o
 .debug_frame   0x0000000000000d38       0xc0 Src/stm32f10x_it.o
 .debug_frame   0x0000000000000df8       0x84 Src/stmflash.o
 .debug_frame   0x0000000000000e7c       0xf0 USB_Config/hw_config.o
 .debug_frame   0x0000000000000f6c       0x68 USB_Config/mass_mal.o
 .debug_frame   0x0000000000000fd4       0x70 USB_Config/memory.o
 .debug_frame   0x0000000000001044      0x174 USB_Config/usb_bot.o
 .debug_frame   0x00000000000011b8       0x30 USB_Config/usb_endp.o
 .debug_frame   0x00000000000011e8       0x38 USB_Config/usb_istr.o
 .debug_frame   0x0000000000001220      0x11c USB_Config/usb_prop.o
 .debug_frame   0x000000000000133c       0x84 USB_Config/usb_pwr.o
 .debug_frame   0x00000000000013c0      0x1f0 USB_Config/usb_scsi.o
 .debug_frame   0x00000000000015b0      0x1d4 USB_Core/usb_core.o
 .debug_frame   0x0000000000001784       0x20 USB_Core/usb_init.o
 .debug_frame   0x00000000000017a4       0x50 USB_Core/usb_int.o
 .debug_frame   0x00000000000017f4       0x38 USB_Core/usb_mem.o
 .debug_frame   0x000000000000182c      0x3d0 USB_Core/usb_regs.o
 .debug_frame   0x0000000000001bfc       0x2c d:/st/stm32cubeide_1.4.0/stm32cubeide/plugins/com.st.stm32cube.ide.mcu.externaltools.gnu-tools-for-stm32.7-2018-q2-update.win32_1.4.0.202007081208/tools/bin/../lib/gcc/arm-none-eabi/7.3.1/../../../../arm-none-eabi/lib/thumb/v7-m\libc_nano.a(lib_a-init.o)
 .debug_frame   0x0000000000001c28       0x2c d:/st/stm32cubeide_1.4.0/stm32cubeide/plugins/com.st.stm32cube.ide.mcu.externaltools.gnu-tools-for-stm32.7-2018-q2-update.win32_1.4.0.202007081208/tools/bin/../lib/gcc/arm-none-eabi/7.3.1/../../../../arm-none-eabi/lib/thumb/v7-m\libc_nano.a(lib_a-memcmp.o)
 .debug_frame   0x0000000000001c54       0x20 d:/st/stm32cubeide_1.4.0/stm32cubeide/plugins/com.st.stm32cube.ide.mcu.externaltools.gnu-tools-for-stm32.7-2018-q2-update.win32_1.4.0.202007081208/tools/bin/../lib/gcc/arm-none-eabi/7.3.1/../../../../arm-none-eabi/lib/thumb/v7-m\libc_nano.a(lib_a-memset.o)
